Archive member included to satisfy reference by file (symbol)

C:/Users/Akhat/AppData/Local/stm32cube/bundles/gnu-tools-for-stm32/13.3.1+st.9/bin/../lib/gcc/arm-none-eabi/13.3.1/../../../../arm-none-eabi/lib/thumb/v7e-m+fp/hard\libc_nano.a(libc_a-exit.o)
                              C:/Users/Akhat/AppData/Local/stm32cube/bundles/gnu-tools-for-stm32/13.3.1+st.9/bin/../lib/gcc/arm-none-eabi/13.3.1/../../../../arm-none-eabi/lib/thumb/v7e-m+fp/hard/crt0.o (exit)
C:/Users/Akhat/AppData/Local/stm32cube/bundles/gnu-tools-for-stm32/13.3.1+st.9/bin/../lib/gcc/arm-none-eabi/13.3.1/../../../../arm-none-eabi/lib/thumb/v7e-m+fp/hard\libc_nano.a(libc_a-findfp.o)
                              C:/Users/Akhat/AppData/Local/stm32cube/bundles/gnu-tools-for-stm32/13.3.1+st.9/bin/../lib/gcc/arm-none-eabi/13.3.1/../../../../arm-none-eabi/lib/thumb/v7e-m+fp/hard\libc_nano.a(libc_a-exit.o) (__stdio_exit_handler)
C:/Users/Akhat/AppData/Local/stm32cube/bundles/gnu-tools-for-stm32/13.3.1+st.9/bin/../lib/gcc/arm-none-eabi/13.3.1/../../../../arm-none-eabi/lib/thumb/v7e-m+fp/hard\libc_nano.a(libc_a-fwalk.o)
                              C:/Users/Akhat/AppData/Local/stm32cube/bundles/gnu-tools-for-stm32/13.3.1+st.9/bin/../lib/gcc/arm-none-eabi/13.3.1/../../../../arm-none-eabi/lib/thumb/v7e-m+fp/hard\libc_nano.a(libc_a-findfp.o) (_fwalk_sglue)
C:/Users/Akhat/AppData/Local/stm32cube/bundles/gnu-tools-for-stm32/13.3.1+st.9/bin/../lib/gcc/arm-none-eabi/13.3.1/../../../../arm-none-eabi/lib/thumb/v7e-m+fp/hard\libc_nano.a(libc_a-stdio.o)
                              C:/Users/Akhat/AppData/Local/stm32cube/bundles/gnu-tools-for-stm32/13.3.1+st.9/bin/../lib/gcc/arm-none-eabi/13.3.1/../../../../arm-none-eabi/lib/thumb/v7e-m+fp/hard\libc_nano.a(libc_a-findfp.o) (__sread)
C:/Users/Akhat/AppData/Local/stm32cube/bundles/gnu-tools-for-stm32/13.3.1+st.9/bin/../lib/gcc/arm-none-eabi/13.3.1/../../../../arm-none-eabi/lib/thumb/v7e-m+fp/hard\libc_nano.a(libc_a-memset.o)
                              C:/Users/Akhat/AppData/Local/stm32cube/bundles/gnu-tools-for-stm32/13.3.1+st.9/bin/../lib/gcc/arm-none-eabi/13.3.1/../../../../arm-none-eabi/lib/thumb/v7e-m+fp/hard/crt0.o (memset)
C:/Users/Akhat/AppData/Local/stm32cube/bundles/gnu-tools-for-stm32/13.3.1+st.9/bin/../lib/gcc/arm-none-eabi/13.3.1/../../../../arm-none-eabi/lib/thumb/v7e-m+fp/hard\libc_nano.a(libc_a-closer.o)
                              C:/Users/Akhat/AppData/Local/stm32cube/bundles/gnu-tools-for-stm32/13.3.1+st.9/bin/../lib/gcc/arm-none-eabi/13.3.1/../../../../arm-none-eabi/lib/thumb/v7e-m+fp/hard\libc_nano.a(libc_a-stdio.o) (_close_r)
C:/Users/Akhat/AppData/Local/stm32cube/bundles/gnu-tools-for-stm32/13.3.1+st.9/bin/../lib/gcc/arm-none-eabi/13.3.1/../../../../arm-none-eabi/lib/thumb/v7e-m+fp/hard\libc_nano.a(libc_a-reent.o)
                              C:/Users/Akhat/AppData/Local/stm32cube/bundles/gnu-tools-for-stm32/13.3.1+st.9/bin/../lib/gcc/arm-none-eabi/13.3.1/../../../../arm-none-eabi/lib/thumb/v7e-m+fp/hard\libc_nano.a(libc_a-closer.o) (errno)
C:/Users/Akhat/AppData/Local/stm32cube/bundles/gnu-tools-for-stm32/13.3.1+st.9/bin/../lib/gcc/arm-none-eabi/13.3.1/../../../../arm-none-eabi/lib/thumb/v7e-m+fp/hard\libc_nano.a(libc_a-impure.o)
                              C:/Users/Akhat/AppData/Local/stm32cube/bundles/gnu-tools-for-stm32/13.3.1+st.9/bin/../lib/gcc/arm-none-eabi/13.3.1/../../../../arm-none-eabi/lib/thumb/v7e-m+fp/hard\libc_nano.a(libc_a-reent.o) (_impure_ptr)
C:/Users/Akhat/AppData/Local/stm32cube/bundles/gnu-tools-for-stm32/13.3.1+st.9/bin/../lib/gcc/arm-none-eabi/13.3.1/../../../../arm-none-eabi/lib/thumb/v7e-m+fp/hard\libc_nano.a(libc_a-lseekr.o)
                              C:/Users/Akhat/AppData/Local/stm32cube/bundles/gnu-tools-for-stm32/13.3.1+st.9/bin/../lib/gcc/arm-none-eabi/13.3.1/../../../../arm-none-eabi/lib/thumb/v7e-m+fp/hard\libc_nano.a(libc_a-stdio.o) (_lseek_r)
C:/Users/Akhat/AppData/Local/stm32cube/bundles/gnu-tools-for-stm32/13.3.1+st.9/bin/../lib/gcc/arm-none-eabi/13.3.1/../../../../arm-none-eabi/lib/thumb/v7e-m+fp/hard\libc_nano.a(libc_a-readr.o)
                              C:/Users/Akhat/AppData/Local/stm32cube/bundles/gnu-tools-for-stm32/13.3.1+st.9/bin/../lib/gcc/arm-none-eabi/13.3.1/../../../../arm-none-eabi/lib/thumb/v7e-m+fp/hard\libc_nano.a(libc_a-stdio.o) (_read_r)
C:/Users/Akhat/AppData/Local/stm32cube/bundles/gnu-tools-for-stm32/13.3.1+st.9/bin/../lib/gcc/arm-none-eabi/13.3.1/../../../../arm-none-eabi/lib/thumb/v7e-m+fp/hard\libc_nano.a(libc_a-writer.o)
                              C:/Users/Akhat/AppData/Local/stm32cube/bundles/gnu-tools-for-stm32/13.3.1+st.9/bin/../lib/gcc/arm-none-eabi/13.3.1/../../../../arm-none-eabi/lib/thumb/v7e-m+fp/hard\libc_nano.a(libc_a-stdio.o) (_write_r)
C:/Users/Akhat/AppData/Local/stm32cube/bundles/gnu-tools-for-stm32/13.3.1+st.9/bin/../lib/gcc/arm-none-eabi/13.3.1/../../../../arm-none-eabi/lib/thumb/v7e-m+fp/hard\libc_nano.a(libc_a-init.o)
[...]
Memory Configuration

Name             Origin             Length             Attributes
RAM              0x20000000         0x00030000         xrw
CCMRAM           0x10000000         0x00010000         xrw
FLASH            0x08000000         0x00200000         xr
*default*        0x00000000         0xffffffff

Linker script and memory map

LOAD C:/Users/Akhat/AppData/Local/stm32cube/bundles/gnu-tools-for-stm32/13.3.1+st.9/bin/../lib/gcc/arm-none-eabi/13.3.1/thumb/v7e-m+fp/hard/crti.o
LOAD C:/Users/Akhat/AppData/Local/stm32cube/bundles/gnu-tools-for-stm32/13.3.1+st.9/bin/../lib/gcc/arm-none-eabi/13.3.1/thumb/v7e-m+fp/hard/crtbegin.o
LOAD C:/Users/Akhat/AppData/Local/stm32cube/bundles/gnu-tools-for-stm32/13.3.1+st.9/bin/../lib/gcc/arm-none-eabi/13.3.1/../../../../arm-none-eabi/lib/thumb/v7e-m+fp/hard/crt0.o
START GROUP
LOAD C:/Users/Akhat/AppData/Local/stm32cube/bundles/gnu-tools-for-stm32/13.3.1+st.9/bin/../lib/gcc/arm-none-eabi/13.3.1/../../../../arm-none-eabi/lib/thumb/v7e-m+fp/hard\libc_nano.a
LOAD C:/Users/Akhat/AppData/Local/stm32cube/bundles/gnu-tools-for-stm32/13.3.1+st.9/bin/../lib/gcc/arm-none-eabi/13.3.1/../../../../arm-none-eabi/lib/thumb/v7e-m+fp/hard\libm.a
END GROUP
LOAD cmake/stm32cubemx/CMakeFiles/STM32_Drivers.dir/__/__/Core/Src/system_stm32f4xx.c.obj
LOAD cmake/stm32cubemx/CMakeFiles/STM32_Drivers.dir/__/__/Drivers/STM32F4xx_HAL_Driver/Src/stm32f4xx_hal_rcc.c.obj
LOAD cmake/stm32cubemx/CMakeFiles/STM32_Drivers.dir/__/__/Drivers/STM32F4xx_HAL_Driver/Src/stm32f4xx_hal_rcc_ex.c.obj
LOAD cmake/stm32cubemx/CMakeFiles/STM32_Drivers.dir/__/__/Drivers/STM32F4xx_HAL_Driver/Src/stm32f4xx_hal_flash.c.obj
LOAD cmake/stm32cubemx/CMakeFiles/STM32_Drivers.dir/__/__/Drivers/STM32F4xx_HAL_Driver/Src/stm32f4xx_hal_flash_ex.c.obj
LOAD cmake/stm32cubemx/CMakeFiles/STM32_Drivers.dir/__/__/Drivers/STM32F4xx_HAL_Driver/Src/stm32f4xx_hal_flash_ramfunc.c.obj
LOAD cmake/stm32cubemx/CMakeFiles/STM32_Drivers.dir/__/__/Drivers/STM32F4xx_HAL_Driver/Src/stm32f4xx_hal_gpio.c.obj
LOAD cmake/stm32cubemx/CMakeFiles/STM32_Drivers.dir/__/__/Drivers/STM32F4xx_HAL_Driver/Src/stm32f4xx_hal_dma_ex.c.obj
LOAD cmake/stm32cubemx/CMakeFiles/STM32_Drivers.dir/__/__/Drivers/STM32F4xx_HAL_Driver/Src/stm32f4xx_hal_dma.c.obj
LOAD cmake/stm32cubemx/CMakeFiles/STM32_Drivers.dir/__/__/Drivers/STM32F4xx_HAL_Driver/Src/stm32f4xx_hal_pwr.c.obj
LOAD cmake/stm32cubemx/CMakeFiles/STM32_Drivers.dir/__/__/Drivers/STM32F4xx_HAL_Driver/Src/stm32f4xx_hal_pwr_ex.c.obj
LOAD cmake/stm32cubemx/CMakeFiles/STM32_Drivers.dir/__/__/Drivers/STM32F4xx_HAL_Driver/Src/stm32f4xx_hal_cortex.c.obj
LOAD cmake/stm32cubemx/CMakeFiles/STM32_Drivers.dir/__/__/Drivers/STM32F4xx_HAL_Driver/Src/stm32f4xx_hal.c.obj
LOAD cmake/stm32cubemx/CMakeFiles/STM32_Drivers.dir/__/__/Drivers/STM32F4xx_HAL_Driver/Src/stm32f4xx_hal_exti.c.obj
LOAD cmake/stm32cubemx/CMakeFiles/STM32_Drivers.dir/__/__/Drivers/STM32F4xx_HAL_Driver/Src/stm32f4xx_hal_i2c.c.obj
LOAD cmake/stm32cubemx/CMakeFiles/STM32_Drivers.dir/__/__/Drivers/STM32F4xx_HAL_Driver/Src/stm32f4xx_hal_i2c_ex.c.obj
LOAD cmake/stm32cubemx/CMakeFiles/STM32_Drivers.dir/__/__/Drivers/STM32F4xx_HAL_Driver/Src/stm32f4xx_hal_rtc.c.obj
LOAD cmake/stm32cubemx/CMakeFiles/STM32_Drivers.dir/__/__/Drivers/STM32F4xx_HAL_Driver/Src/stm32f4xx_hal_rtc_ex.c.obj
LOAD cmake/stm32cubemx/CMakeFiles/STM32_Drivers.dir/__/__/Drivers/STM32F4xx_HAL_Driver/Src/stm32f4xx_hal_spi.c.obj
LOAD cmake/stm32cubemx/CMakeFiles/STM32_Drivers.dir/__/__/Drivers/STM32F4xx_HAL_Driver/Src/stm32f4xx_hal_uart.c.obj
LOAD cmake/stm32cubemx/CMakeFiles/FatFs.dir/__/__/Middlewares/Third_Party/FatFs/src/diskio.c.obj
LOAD cmake/stm32cubemx/CMakeFiles/FatFs.dir/__/__/Middlewares/Third_Party/FatFs/src/ff.c.obj
LOAD cmake/stm32cubemx/CMakeFiles/FatFs.dir/__/__/Middlewares/Third_Party/FatFs/src/ff_gen_drv.c.obj
LOAD cmake/stm32cubemx/CMakeFiles/FatFs.dir/__/__/Middlewares/Third_Party/FatFs/src/option/syscall.c.obj
LOAD cmake/stm32cubemx/CMakeFiles/FatFs.dir/__/__/Middlewares/Third_Party/FatFs/src/option/ccsbcs.c.obj
LOAD CMakeFiles/BME280SensorLog.dir/FATFS/App/fatfs.c.obj
LOAD CMakeFiles/BME280SensorLog.dir/FATFS/Target/user_diskio.c.obj
LOAD CMakeFiles/BME280SensorLog.dir/Core/Src/main.c.obj
LOAD CMakeFiles/BME280SensorLog.dir/Core/Src/stm32f4xx_it.c.obj
LOAD CMakeFiles/BME280SensorLog.dir/Core/Src/stm32f4xx_hal_msp.c.obj
LOAD CMakeFiles/BME280SensorLog.dir/Core/Src/sysmem.c.obj
LOAD CMakeFiles/BME280SensorLog.dir/Core/Src/syscalls.c.obj
LOAD CMakeFiles/BME280SensorLog.dir/startup_stm32f429xx.s.obj
LOAD CMakeFiles/BME280SensorLog.dir/Core/Src/BME280_STM32.c.obj
LOAD CMakeFiles/BME280SensorLog.dir/Core/Src/fatfs_sd.c.obj
LOAD CMakeFiles/BME280SensorLog.dir/Core/Src/log_sensor_data.c.obj
START GROUP
LOAD C:/Users/Akhat/AppData/Local/stm32cube/bundles/gnu-tools-for-stm32/13.3.1+st.9/bin/../lib/gcc/arm-none-eabi/13.3.1/thumb/v7e-m+fp/hard\libgcc.a
LOAD C:/Users/Akhat/AppData/Local/stm32cube/bundles/gnu-tools-for-stm32/13.3.1+st.9/bin/../lib/gcc/arm-none-eabi/13.3.1/../../../../arm-none-eabi/lib/thumb/v7e-m+fp/hard\libg_nano.a
LOAD C:/Users/Akhat/AppData/Local/stm32cube/bundles/gnu-tools-for-stm32/13.3.1+st.9/bin/../lib/gcc/arm-none-eabi/13.3.1/../../../../arm-none-eabi/lib/thumb/v7e-m+fp/hard\libc_nano.a
END GROUP
START GROUP
LOAD C:/Users/Akhat/AppData/Local/stm32cube/bundles/gnu-tools-for-stm32/13.3.1+st.9/bin/../lib/gcc/arm-none-eabi/13.3.1/thumb/v7e-m+fp/hard\libgcc.a
LOAD C:/Users/Akhat/AppData/Local/stm32cube/bundles/gnu-tools-for-stm32/13.3.1+st.9/bin/../lib/gcc/arm-none-eabi/13.3.1/../../../../arm-none-eabi/lib/thumb/v7e-m+fp/hard\libc_nano.a
END GROUP
LOAD C:/Users/Akhat/AppData/Local/stm32cube/bundles/gnu-tools-for-stm32/13.3.1+st.9/bin/../lib/gcc/arm-none-eabi/13.3.1/thumb/v7e-m+fp/hard/crtend.o
LOAD C:/Users/Akhat/AppData/Local/stm32cube/bundles/gnu-tools-for-stm32/13.3.1+st.9/bin/../lib/gcc/arm-none-eabi/13.3.1/thumb/v7e-m+fp/hard/crtn.o
                0x20030000                        _estack = (ORIGIN (RAM) + LENGTH (RAM))
                0x00000200                        _Min_Heap_Size = 0x200
                0x00000400                        _Min_Stack_Size = 0x400

.isr_vector     0x08000000      0x1ac
                0x08000000                        . = ALIGN (0x4)
 *(.isr_vector)
 .isr_vector    0x08000000      0x1ac CMakeFiles/BME280SensorLog.dir/startup_stm32f429xx.s.obj
                0x08000000                g_pfnVectors
                0x080001ac                        . = ALIGN (0x4)

.text           0x080001b0     0x89cc
                0x080001b0                        . = ALIGN (0x4)
 *(.text)
 .text          0x080001b0       0x40 C:/Users/Akhat/AppData/Local/stm32cube/bundles/gnu-tools-for-stm32/13.3.1+st.9/bin/../lib/gcc/arm-none-eabi/13.3.1/thumb/v7e-m+fp/hard/crtbegin.o
 .text          0x080001f0      0x254 C:/Users/Akhat/AppData/Local/stm32cube/bundles/gnu-tools-for-stm32/13.3.1+st.9/bin/../lib/gcc/arm-none-eabi/13.3.1/thumb/v7e-m+fp/hard\libgcc.a(_arm_muldf3.o)
                0x080001f0                __muldf3
                0x080001f0                __aeabi_dmul
 .text          0x08000444      0x378 C:/Users/Akhat/AppData/Local/stm32cube/bundles/gnu-tools-for-stm32/13.3.1+st.9/bin/../lib/gcc/arm-none-eabi/13.3.1/thumb/v7e-m+fp/hard\libgcc.a(_arm_addsubdf3.o)
                0x08000444                __aeabi_drsub
                0x0800044c                __aeabi_dsub
                0x0800044c                __subdf3
                0x08000450                __aeabi_dadd
                0x08000450                __adddf3
                0x080006c8                __floatunsidf
                0x080006c8                __aeabi_ui2d
                0x080006e8                __floatsidf
                0x080006e8                __aeabi_i2d
                0x0800070c                __aeabi_f2d
                0x0800070c                __extendsfdf2
                0x08000750                __floatundidf
                0x08000750                __aeabi_ul2d
                0x08000760                __floatdidf
                0x08000760                __aeabi_l2d
 .text          0x080007bc       0x40 C:/Users/Akhat/AppData/Local/stm32cube/bundles/gnu-tools-for-stm32/13.3.1+st.9/bin/../lib/gcc/arm-none-eabi/13.3.1/thumb/v7e-m+fp/hard\libgcc.a(_arm_fixunsdfsi.o)
                0x080007bc                __aeabi_d2uiz
                0x080007bc                __fixunsdfsi
 .text          0x080007fc       0x30 C:/Users/Akhat/AppData/Local/stm32cube/bundles/gnu-tools-for-stm32/13.3.1+st.9/bin/../lib/gcc/arm-none-eabi/13.3.1/thumb/v7e-m+fp/hard\libgcc.a(_aeabi_uldivmod.o)
                0x080007fc                __aeabi_uldivmod
 .text          0x0800082c      0x2f8 C:/Users/Akhat/AppData/Local/stm32cube/bundles/gnu-tools-for-stm32/13.3.1+st.9/bin/../lib/gcc/arm-none-eabi/13.3.1/thumb/v7e-m+fp/hard\libgcc.a(_udivmoddi4.o)
                0x0800082c                __udivmoddi4
 .text          0x08000b24        0x4 C:/Users/Akhat/AppData/Local/stm32cube/bundles/gnu-tools-for-stm32/13.3.1+st.9/bin/../lib/gcc/arm-none-eabi/13.3.1/thumb/v7e-m+fp/hard\libgcc.a(_dvmd_tls.o)
                0x08000b24                __aeabi_idiv0
                0x08000b24                __aeabi_ldiv0
 .text          0x08000b28       0x10 C:/Users/Akhat/AppData/Local/stm32cube/bundles/gnu-tools-for-stm32/13.3.1+st.9/bin/../lib/gcc/arm-none-eabi/13.3.1/../../../../arm-none-eabi/lib/thumb/v7e-m+fp/hard\libg_nano.a(libc_a-strlen.o)
                0x08000b28                strlen
 *fill*         0x08000b38        0x8 
 .text          0x08000b40       0xa0 C:/Users/Akhat/AppData/Local/stm32cube/bundles/gnu-tools-for-stm32/13.3.1+st.9/bin/../lib/gcc/arm-none-eabi/13.3.1/../../../../arm-none-eabi/lib/thumb/v7e-m+fp/hard\libg_nano.a(libc_a-memchr.o)
                0x08000b40                memchr
 *(.text*)
 .text.memset   0x08000be0       0x10 C:/Users/Akhat/AppData/Local/stm32cube/bundles/gnu-tools-for-stm32/13.3.1+st.9/bin/../lib/gcc/arm-none-eabi/13.3.1/../../../../arm-none-eabi/lib/thumb/v7e-m+fp/hard\libc_nano.a(libc_a-memset.o)
                0x08000be0                memset
 .text.__libc_init_array
                0x08000bf0       0x48 C:/Users/Akhat/AppData/Local/stm32cube/bundles/gnu-tools-for-stm32/13.3.1+st.9/bin/../lib/gcc/arm-none-eabi/13.3.1/../../../../arm-none-eabi/lib/thumb/v7e-m+fp/hard\libc_nano.a(libc_a-init.o)
                0x08000bf0                __libc_init_array
 .text.__retarget_lock_acquire_recursive
                0x08000c38        0x2 C:/Users/Akhat/AppData/Local/stm32cube/bundles/gnu-tools-for-stm32/13.3.1+st.9/bin/../lib/gcc/arm-none-eabi/13.3.1/../../../../arm-none-eabi/lib/thumb/v7e-m+fp/hard\libc_nano.a(libc_a-lock.o)
                0x08000c38                __retarget_lock_acquire_recursive
 .text.__retarget_lock_release_recursive
                0x08000c3a        0x2 C:/Users/Akhat/AppData/Local/stm32cube/bundles/gnu-tools-for-stm32/13.3.1+st.9/bin/../lib/gcc/arm-none-eabi/13.3.1/../../../../arm-none-eabi/lib/thumb/v7e-m+fp/hard\libc_nano.a(libc_a-lock.o)
                0x08000c3a                __retarget_lock_release_recursive
 .text._free_r  0x08000c3c       0x94 C:/Users/Akhat/AppData/Local/stm32cube/bundles/gnu-tools-for-stm32/13.3.1+st.9/bin/../lib/gcc/arm-none-eabi/13.3.1/../../../../arm-none-eabi/lib/thumb/v7e-m+fp/hard\libc_nano.a(libc_a-freer.o)
                0x08000c3c                _free_r
 .text.sbrk_aligned
                0x08000cd0       0x44 C:/Users/Akhat/AppData/Local/stm32cube/bundles/gnu-tools-for-stm32/13.3.1+st.9/bin/../lib/gcc/arm-none-eabi/13.3.1/../../../../arm-none-eabi/lib/thumb/v7e-m+fp/hard\libc_nano.a(libc_a-mallocr.o)
 .text._malloc_r
                0x08000d14      0x100 C:/Users/Akhat/AppData/Local/stm32cube/bundles/gnu-tools-for-stm32/13.3.1+st.9/bin/../lib/gcc/arm-none-eabi/13.3.1/../../../../arm-none-eabi/lib/thumb/v7e-m+fp/hard\libc_nano.a(libc_a-mallocr.o)
                0x08000d14                _malloc_r
 .text.__malloc_lock
                0x08000e14        0xc C:/Users/Akhat/AppData/Local/stm32cube/bundles/gnu-tools-for-stm32/13.3.1+st.9/bin/../lib/gcc/arm-none-eabi/13.3.1/../../../../arm-none-eabi/lib/thumb/v7e-m+fp/hard\libc_nano.a(libc_a-mlock.o)
                0x08000e14                __malloc_lock
 .text.__malloc_unlock
                0x08000e20        0xc C:/Users/Akhat/AppData/Local/stm32cube/bundles/gnu-tools-for-stm32/13.3.1+st.9/bin/../lib/gcc/arm-none-eabi/13.3.1/../../../../arm-none-eabi/lib/thumb/v7e-m+fp/hard\libc_nano.a(libc_a-mlock.o)
                0x08000e20                __malloc_unlock
 .text._sbrk_r  0x08000e2c       0x20 C:/Users/Akhat/AppData/Local/stm32cube/bundles/gnu-tools-for-stm32/13.3.1+st.9/bin/../lib/gcc/arm-none-eabi/13.3.1/../../../../arm-none-eabi/lib/thumb/v7e-m+fp/hard\libc_nano.a(libc_a-sbrkr.o)
                0x08000e2c                _sbrk_r
 .text.SystemInit
                0x08000e4c       0x24 cmake/stm32cubemx/CMakeFiles/STM32_Drivers.dir/__/__/Core/Src/system_stm32f4xx.c.obj
                0x08000e4c                SystemInit
 .text.HAL_RCC_OscConfig
                0x08000e70      0x4f0 cmake/stm32cubemx/CMakeFiles/STM32_Drivers.dir/__/__/Drivers/STM32F4xx_HAL_Driver/Src/stm32f4xx_hal_rcc.c.obj
                0x08000e70                HAL_RCC_OscConfig
 .text.HAL_RCC_ClockConfig
                0x08001360      0x1cc cmake/stm32cubemx/CMakeFiles/STM32_Drivers.dir/__/__/Drivers/STM32F4xx_HAL_Driver/Src/stm32f4xx_hal_rcc.c.obj
                0x08001360                HAL_RCC_ClockConfig
 .text.HAL_RCC_GetSysClockFreq
                0x0800152c      0x20c cmake/stm32cubemx/CMakeFiles/STM32_Drivers.dir/__/__/Drivers/STM32F4xx_HAL_Driver/Src/stm32f4xx_hal_rcc.c.obj
                0x0800152c                HAL_RCC_GetSysClockFreq
 .text.HAL_RCC_GetHCLKFreq
                0x08001738       0x18 cmake/stm32cubemx/CMakeFiles/STM32_Drivers.dir/__/__/Drivers/STM32F4xx_HAL_Driver/Src/stm32f4xx_hal_rcc.c.obj
                0x08001738                HAL_RCC_GetHCLKFreq
 .text.HAL_RCC_GetPCLK1Freq
                0x08001750       0x28 cmake/stm32cubemx/CMakeFiles/STM32_Drivers.dir/__/__/Drivers/STM32F4xx_HAL_Driver/Src/stm32f4xx_hal_rcc.c.obj
                0x08001750                HAL_RCC_GetPCLK1Freq
 .text.HAL_RCC_GetPCLK2Freq
                0x08001778       0x28 cmake/stm32cubemx/CMakeFiles/STM32_Drivers.dir/__/__/Drivers/STM32F4xx_HAL_Driver/Src/stm32f4xx_hal_rcc.c.obj
                0x08001778                HAL_RCC_GetPCLK2Freq
 .text.HAL_RCCEx_PeriphCLKConfig
                0x080017a0      0x380 cmake/stm32cubemx/CMakeFiles/STM32_Drivers.dir/__/__/Drivers/STM32F4xx_HAL_Driver/Src/stm32f4xx_hal_rcc_ex.c.obj
                0x080017a0                HAL_RCCEx_PeriphCLKConfig
 .text.HAL_GPIO_Init
                0x08001b20      0x358 cmake/stm32cubemx/CMakeFiles/STM32_Drivers.dir/__/__/Drivers/STM32F4xx_HAL_Driver/Src/stm32f4xx_hal_gpio.c.obj
                0x08001b20                HAL_GPIO_Init
 .text.HAL_GPIO_WritePin
                0x08001e78       0x32 cmake/stm32cubemx/CMakeFiles/STM32_Drivers.dir/__/__/Drivers/STM32F4xx_HAL_Driver/Src/stm32f4xx_hal_gpio.c.obj
                0x08001e78                HAL_GPIO_WritePin
 *fill*         0x08001eaa        0x2 
 .text.__NVIC_SetPriorityGrouping
                0x08001eac       0x48 cmake/stm32cubemx/CMakeFiles/STM32_Drivers.dir/__/__/Drivers/STM32F4xx_HAL_Driver/Src/stm32f4xx_hal_cortex.c.obj
 .text.__NVIC_GetPriorityGrouping
                0x08001ef4       0x1c cmake/stm32cubemx/CMakeFiles/STM32_Drivers.dir/__/__/Drivers/STM32F4xx_HAL_Driver/Src/stm32f4xx_hal_cortex.c.obj
 .text.__NVIC_SetPriority
                0x08001f10       0x54 cmake/stm32cubemx/CMakeFiles/STM32_Drivers.dir/__/__/Drivers/STM32F4xx_HAL_Driver/Src/stm32f4xx_hal_cortex.c.obj
 .text.NVIC_EncodePriority
                0x08001f64       0x66 cmake/stm32cubemx/CMakeFiles/STM32_Drivers.dir/__/__/Drivers/STM32F4xx_HAL_Driver/Src/stm32f4xx_hal_cortex.c.obj
 *fill*         0x08001fca        0x2 
 .text.SysTick_Config
                0x08001fcc       0x44 cmake/stm32cubemx/CMakeFiles/STM32_Drivers.dir/__/__/Drivers/STM32F4xx_HAL_Driver/Src/stm32f4xx_hal_cortex.c.obj
 .text.HAL_NVIC_SetPriorityGrouping
                0x08002010       0x16 cmake/stm32cubemx/CMakeFiles/STM32_Drivers.dir/__/__/Drivers/STM32F4xx_HAL_Driver/Src/stm32f4xx_hal_cortex.c.obj
                0x08002010                HAL_NVIC_SetPriorityGrouping
 .text.HAL_NVIC_SetPriority
                0x08002026       0x38 cmake/stm32cubemx/CMakeFiles/STM32_Drivers.dir/__/__/Drivers/STM32F4xx_HAL_Driver/Src/stm32f4xx_hal_cortex.c.obj
                0x08002026                HAL_NVIC_SetPriority
 .text.HAL_SYSTICK_Config
                0x0800205e       0x18 cmake/stm32cubemx/CMakeFiles/STM32_Drivers.dir/__/__/Drivers/STM32F4xx_HAL_Driver/Src/stm32f4xx_hal_cortex.c.obj
                0x0800205e                HAL_SYSTICK_Config
 *fill*         0x08002076        0x2 
 .text.HAL_Init
                0x08002078       0x44 cmake/stm32cubemx/CMakeFiles/STM32_Drivers.dir/__/__/Drivers/STM32F4xx_HAL_Driver/Src/stm32f4xx_hal.c.obj
                0x08002078                HAL_Init
 .text.HAL_InitTick
                0x080020bc       0x60 cmake/stm32cubemx/CMakeFiles/STM32_Drivers.dir/__/__/Drivers/STM32F4xx_HAL_Driver/Src/stm32f4xx_hal.c.obj
                0x080020bc                HAL_InitTick
 .text.HAL_IncTick
                0x0800211c       0x28 cmake/stm32cubemx/CMakeFiles/STM32_Drivers.dir/__/__/Drivers/STM32F4xx_HAL_Driver/Src/stm32f4xx_hal.c.obj
                0x0800211c                HAL_IncTick
 .text.HAL_GetTick
                0x08002144       0x18 cmake/stm32cubemx/CMakeFiles/STM32_Drivers.dir/__/__/Drivers/STM32F4xx_HAL_Driver/Src/stm32f4xx_hal.c.obj
                0x08002144                HAL_GetTick
 .text.HAL_Delay
                0x0800215c       0x48 cmake/stm32cubemx/CMakeFiles/STM32_Drivers.dir/__/__/Drivers/STM32F4xx_HAL_Driver/Src/stm32f4xx_hal.c.obj
                0x0800215c                HAL_Delay
 .text.HAL_I2C_Init
                0x080021a4      0x288 cmake/stm32cubemx/CMakeFiles/STM32_Drivers.dir/__/__/Drivers/STM32F4xx_HAL_Driver/Src/stm32f4xx_hal_i2c.c.obj
                0x080021a4                HAL_I2C_Init
 .text.HAL_I2C_Mem_Write
                0x0800242c      0x1f4 cmake/stm32cubemx/CMakeFiles/STM32_Drivers.dir/__/__/Drivers/STM32F4xx_HAL_Driver/Src/stm32f4xx_hal_i2c.c.obj
                0x0800242c                HAL_I2C_Mem_Write
 .text.HAL_I2C_Mem_Read
                0x08002620      0x464 cmake/stm32cubemx/CMakeFiles/STM32_Drivers.dir/__/__/Drivers/STM32F4xx_HAL_Driver/Src/stm32f4xx_hal_i2c.c.obj
                0x08002620                HAL_I2C_Mem_Read
 .text.I2C_RequestMemoryWrite
                0x08002a84      0x12c cmake/stm32cubemx/CMakeFiles/STM32_Drivers.dir/__/__/Drivers/STM32F4xx_HAL_Driver/Src/stm32f4xx_hal_i2c.c.obj
 .text.I2C_RequestMemoryRead
                0x08002bb0      0x1d0 cmake/stm32cubemx/CMakeFiles/STM32_Drivers.dir/__/__/Drivers/STM32F4xx_HAL_Driver/Src/stm32f4xx_hal_i2c.c.obj
 .text.I2C_WaitOnFlagUntilTimeout
                0x08002d80       0xf4 cmake/stm32cubemx/CMakeFiles/STM32_Drivers.dir/__/__/Drivers/STM32F4xx_HAL_Driver/Src/stm32f4xx_hal_i2c.c.obj
 .text.I2C_WaitOnMasterAddressFlagUntilTimeout
                0x08002e74      0x140 cmake/stm32cubemx/CMakeFiles/STM32_Drivers.dir/__/__/Drivers/STM32F4xx_HAL_Driver/Src/stm32f4xx_hal_i2c.c.obj
 .text.I2C_WaitOnTXEFlagUntilTimeout
                0x08002fb4       0x90 cmake/stm32cubemx/CMakeFiles/STM32_Drivers.dir/__/__/Drivers/STM32F4xx_HAL_Driver/Src/stm32f4xx_hal_i2c.c.obj
 .text.I2C_WaitOnBTFFlagUntilTimeout
                0x08003044       0x90 cmake/stm32cubemx/CMakeFiles/STM32_Drivers.dir/__/__/Drivers/STM32F4xx_HAL_Driver/Src/stm32f4xx_hal_i2c.c.obj
 .text.I2C_WaitOnRXNEFlagUntilTimeout
                0x080030d4       0xba cmake/stm32cubemx/CMakeFiles/STM32_Drivers.dir/__/__/Drivers/STM32F4xx_HAL_Driver/Src/stm32f4xx_hal_i2c.c.obj
 .text.I2C_IsAcknowledgeFailed
                0x0800318e       0x5e cmake/stm32cubemx/CMakeFiles/STM32_Drivers.dir/__/__/Drivers/STM32F4xx_HAL_Driver/Src/stm32f4xx_hal_i2c.c.obj
 .text.HAL_I2CEx_ConfigAnalogFilter
                0x080031ec       0x78 cmake/stm32cubemx/CMakeFiles/STM32_Drivers.dir/__/__/Drivers/STM32F4xx_HAL_Driver/Src/stm32f4xx_hal_i2c_ex.c.obj
                0x080031ec                HAL_I2CEx_ConfigAnalogFilter
 .text.HAL_I2CEx_ConfigDigitalFilter
                0x08003264       0x7e cmake/stm32cubemx/CMakeFiles/STM32_Drivers.dir/__/__/Drivers/STM32F4xx_HAL_Driver/Src/stm32f4xx_hal_i2c_ex.c.obj
                0x08003264                HAL_I2CEx_ConfigDigitalFilter
 .text.HAL_RTC_Init
                0x080032e2      0x102 cmake/stm32cubemx/CMakeFiles/STM32_Drivers.dir/__/__/Drivers/STM32F4xx_HAL_Driver/Src/stm32f4xx_hal_rtc.c.obj
                0x080032e2                HAL_RTC_Init
 .text.HAL_RTC_WaitForSynchro
                0x080033e4       0x4c cmake/stm32cubemx/CMakeFiles/STM32_Drivers.dir/__/__/Drivers/STM32F4xx_HAL_Driver/Src/stm32f4xx_hal_rtc.c.obj
                0x080033e4                HAL_RTC_WaitForSynchro
 .text.RTC_EnterInitMode
                0x08003430       0x6e cmake/stm32cubemx/CMakeFiles/STM32_Drivers.dir/__/__/Drivers/STM32F4xx_HAL_Driver/Src/stm32f4xx_hal_rtc.c.obj
                0x08003430                RTC_EnterInitMode
 .text.RTC_ExitInitMode
                0x0800349e       0x4a cmake/stm32cubemx/CMakeFiles/STM32_Drivers.dir/__/__/Drivers/STM32F4xx_HAL_Driver/Src/stm32f4xx_hal_rtc.c.obj
                0x0800349e                RTC_ExitInitMode
 .text.HAL_SPI_Init
                0x080034e8      0x112 cmake/stm32cubemx/CMakeFiles/STM32_Drivers.dir/__/__/Drivers/STM32F4xx_HAL_Driver/Src/stm32f4xx_hal_spi.c.obj
                0x080034e8                HAL_SPI_Init
 .text.HAL_UART_Init
                0x080035fa       0xa0 cmake/stm32cubemx/CMakeFiles/STM32_Drivers.dir/__/__/Drivers/STM32F4xx_HAL_Driver/Src/stm32f4xx_hal_uart.c.obj
                0x080035fa                HAL_UART_Init
 .text.HAL_UART_Transmit
                0x0800369a      0x116 cmake/stm32cubemx/CMakeFiles/STM32_Drivers.dir/__/__/Drivers/STM32F4xx_HAL_Driver/Src/stm32f4xx_hal_uart.c.obj
                0x0800369a                HAL_UART_Transmit
 .text.UART_WaitOnFlagUntilTimeout
                0x080037b0       0xb2 cmake/stm32cubemx/CMakeFiles/STM32_Drivers.dir/__/__/Drivers/STM32F4xx_HAL_Driver/Src/stm32f4xx_hal_uart.c.obj
 .text.UART_EndRxTransfer
                0x08003862       0xc6 cmake/stm32cubemx/CMakeFiles/STM32_Drivers.dir/__/__/Drivers/STM32F4xx_HAL_Driver/Src/stm32f4xx_hal_uart.c.obj
 .text.UART_SetConfig
                0x08003928      0x4e8 cmake/stm32cubemx/CMakeFiles/STM32_Drivers.dir/__/__/Drivers/STM32F4xx_HAL_Driver/Src/stm32f4xx_hal_uart.c.obj
 .text.disk_status
                0x08003e10       0x34 cmake/stm32cubemx/CMakeFiles/FatFs.dir/__/__/Middlewares/Third_Party/FatFs/src/diskio.c.obj
                0x08003e10                disk_status
 .text.disk_initialize
                0x08003e44       0x50 cmake/stm32cubemx/CMakeFiles/FatFs.dir/__/__/Middlewares/Third_Party/FatFs/src/diskio.c.obj
                0x08003e44                disk_initialize
 .text.disk_read
                0x08003e94       0x40 cmake/stm32cubemx/CMakeFiles/FatFs.dir/__/__/Middlewares/Third_Party/FatFs/src/diskio.c.obj
                0x08003e94                disk_read
 .text.disk_write
                0x08003ed4       0x40 cmake/stm32cubemx/CMakeFiles/FatFs.dir/__/__/Middlewares/Third_Party/FatFs/src/diskio.c.obj
                0x08003ed4                disk_write
 .text.disk_ioctl
                0x08003f14       0x3c cmake/stm32cubemx/CMakeFiles/FatFs.dir/__/__/Middlewares/Third_Party/FatFs/src/diskio.c.obj
                0x08003f14                disk_ioctl
 .text.ld_word  0x08003f50       0x32 cmake/stm32cubemx/CMakeFiles/FatFs.dir/__/__/Middlewares/Third_Party/FatFs/src/ff.c.obj
 .text.ld_dword
                0x08003f82       0x46 cmake/stm32cubemx/CMakeFiles/FatFs.dir/__/__/Middlewares/Third_Party/FatFs/src/ff.c.obj
 .text.st_word  0x08003fc8       0x36 cmake/stm32cubemx/CMakeFiles/FatFs.dir/__/__/Middlewares/Third_Party/FatFs/src/ff.c.obj
 .text.st_dword
                0x08003ffe       0x58 cmake/stm32cubemx/CMakeFiles/FatFs.dir/__/__/Middlewares/Third_Party/FatFs/src/ff.c.obj
 .text.mem_cpy  0x08004056       0x42 cmake/stm32cubemx/CMakeFiles/FatFs.dir/__/__/Middlewares/Third_Party/FatFs/src/ff.c.obj
 .text.mem_set  0x08004098       0x36 cmake/stm32cubemx/CMakeFiles/FatFs.dir/__/__/Middlewares/Third_Party/FatFs/src/ff.c.obj
 .text.mem_cmp  0x080040ce       0x4e cmake/stm32cubemx/CMakeFiles/FatFs.dir/__/__/Middlewares/Third_Party/FatFs/src/ff.c.obj
 .text.chk_chr  0x0800411c       0x36 cmake/stm32cubemx/CMakeFiles/FatFs.dir/__/__/Middlewares/Third_Party/FatFs/src/ff.c.obj
 *fill*         0x08004152        0x2 
 .text.chk_lock
                0x08004154       0xb8 cmake/stm32cubemx/CMakeFiles/FatFs.dir/__/__/Middlewares/Third_Party/FatFs/src/ff.c.obj
 .text.enq_lock
                0x0800420c       0x44 cmake/stm32cubemx/CMakeFiles/FatFs.dir/__/__/Middlewares/Third_Party/FatFs/src/ff.c.obj
 .text.inc_lock
                0x08004250      0x11c cmake/stm32cubemx/CMakeFiles/FatFs.dir/__/__/Middlewares/Third_Party/FatFs/src/ff.c.obj
 .text.dec_lock
                0x0800436c       0x78 cmake/stm32cubemx/CMakeFiles/FatFs.dir/__/__/Middlewares/Third_Party/FatFs/src/ff.c.obj
 .text.clear_lock
                0x080043e4       0x48 cmake/stm32cubemx/CMakeFiles/FatFs.dir/__/__/Middlewares/Third_Party/FatFs/src/ff.c.obj
 .text.sync_window
                0x0800442c       0x88 cmake/stm32cubemx/CMakeFiles/FatFs.dir/__/__/Middlewares/Third_Party/FatFs/src/ff.c.obj
 .text.move_window
                0x080044b4       0x5a cmake/stm32cubemx/CMakeFiles/FatFs.dir/__/__/Middlewares/Third_Party/FatFs/src/ff.c.obj
 *fill*         0x0800450e        0x2 
 .text.sync_fs  0x08004510       0xe0 cmake/stm32cubemx/CMakeFiles/FatFs.dir/__/__/Middlewares/Third_Party/FatFs/src/ff.c.obj
 .text.clust2sect
                0x080045f0       0x3e cmake/stm32cubemx/CMakeFiles/FatFs.dir/__/__/Middlewares/Third_Party/FatFs/src/ff.c.obj
 .text.get_fat  0x0800462e      0x1a6 cmake/stm32cubemx/CMakeFiles/FatFs.dir/__/__/Middlewares/Third_Party/FatFs/src/ff.c.obj
 .text.put_fat  0x080047d4      0x234 cmake/stm32cubemx/CMakeFiles/FatFs.dir/__/__/Middlewares/Third_Party/FatFs/src/ff.c.obj
 .text.remove_chain
                0x08004a08       0xca cmake/stm32cubemx/CMakeFiles/FatFs.dir/__/__/Middlewares/Third_Party/FatFs/src/ff.c.obj
 .text.create_chain
                0x08004ad2      0x130 cmake/stm32cubemx/CMakeFiles/FatFs.dir/__/__/Middlewares/Third_Party/FatFs/src/ff.c.obj
 .text.clmt_clust
                0x08004c02       0x70 cmake/stm32cubemx/CMakeFiles/FatFs.dir/__/__/Middlewares/Third_Party/FatFs/src/ff.c.obj
 .text.dir_sdi  0x08004c72      0x112 cmake/stm32cubemx/CMakeFiles/FatFs.dir/__/__/Middlewares/Third_Party/FatFs/src/ff.c.obj
 .text.dir_next
                0x08004d84      0x1ac cmake/stm32cubemx/CMakeFiles/FatFs.dir/__/__/Middlewares/Third_Party/FatFs/src/ff.c.obj
 .text.dir_alloc
                0x08004f30       0x8e cmake/stm32cubemx/CMakeFiles/FatFs.dir/__/__/Middlewares/Third_Party/FatFs/src/ff.c.obj
 .text.ld_clust
                0x08004fbe       0x3e cmake/stm32cubemx/CMakeFiles/FatFs.dir/__/__/Middlewares/Third_Party/FatFs/src/ff.c.obj
 .text.st_clust
                0x08004ffc       0x40 cmake/stm32cubemx/CMakeFiles/FatFs.dir/__/__/Middlewares/Third_Party/FatFs/src/ff.c.obj
 .text.cmp_lfn  0x0800503c       0xe0 cmake/stm32cubemx/CMakeFiles/FatFs.dir/__/__/Middlewares/Third_Party/FatFs/src/ff.c.obj
 .text.put_lfn  0x0800511c       0xd0 cmake/stm32cubemx/CMakeFiles/FatFs.dir/__/__/Middlewares/Third_Party/FatFs/src/ff.c.obj
 .text.gen_numname
                0x080051ec      0x11c cmake/stm32cubemx/CMakeFiles/FatFs.dir/__/__/Middlewares/Third_Party/FatFs/src/ff.c.obj
 .text.sum_sfn  0x08005308       0x42 cmake/stm32cubemx/CMakeFiles/FatFs.dir/__/__/Middlewares/Third_Party/FatFs/src/ff.c.obj
 .text.dir_find
                0x0800534a      0x180 cmake/stm32cubemx/CMakeFiles/FatFs.dir/__/__/Middlewares/Third_Party/FatFs/src/ff.c.obj
 *fill*         0x080054ca        0x2 
 .text.dir_register
                0x080054cc      0x1f0 cmake/stm32cubemx/CMakeFiles/FatFs.dir/__/__/Middlewares/Third_Party/FatFs/src/ff.c.obj
 .text.create_name
                0x080056bc      0x370 cmake/stm32cubemx/CMakeFiles/FatFs.dir/__/__/Middlewares/Third_Party/FatFs/src/ff.c.obj
 .text.follow_path
                0x08005a2c       0xec cmake/stm32cubemx/CMakeFiles/FatFs.dir/__/__/Middlewares/Third_Party/FatFs/src/ff.c.obj
 .text.get_ldnumber
                0x08005b18       0x88 cmake/stm32cubemx/CMakeFiles/FatFs.dir/__/__/Middlewares/Third_Party/FatFs/src/ff.c.obj
 .text.check_fs
                0x08005ba0       0xac cmake/stm32cubemx/CMakeFiles/FatFs.dir/__/__/Middlewares/Third_Party/FatFs/src/ff.c.obj
 .text.find_volume
                0x08005c4c      0x500 cmake/stm32cubemx/CMakeFiles/FatFs.dir/__/__/Middlewares/Third_Party/FatFs/src/ff.c.obj
 .text.validate
                0x0800614c       0x6a cmake/stm32cubemx/CMakeFiles/FatFs.dir/__/__/Middlewares/Third_Party/FatFs/src/ff.c.obj
 *fill*         0x080061b6        0x2 
 .text.f_mount  0x080061b8       0x8c cmake/stm32cubemx/CMakeFiles/FatFs.dir/__/__/Middlewares/Third_Party/FatFs/src/ff.c.obj
                0x080061b8                f_mount
 .text.f_open   0x08006244      0x3b0 cmake/stm32cubemx/CMakeFiles/FatFs.dir/__/__/Middlewares/Third_Party/FatFs/src/ff.c.obj
                0x08006244                f_open
 .text.f_write  0x080065f4      0x328 cmake/stm32cubemx/CMakeFiles/FatFs.dir/__/__/Middlewares/Third_Party/FatFs/src/ff.c.obj
                0x080065f4                f_write
 .text.f_sync   0x0800691c       0xfc cmake/stm32cubemx/CMakeFiles/FatFs.dir/__/__/Middlewares/Third_Party/FatFs/src/ff.c.obj
                0x0800691c                f_sync
 .text.f_close  0x08006a18       0x54 cmake/stm32cubemx/CMakeFiles/FatFs.dir/__/__/Middlewares/Third_Party/FatFs/src/ff.c.obj
                0x08006a18                f_close
 .text.f_lseek  0x08006a6c      0x448 cmake/stm32cubemx/CMakeFiles/FatFs.dir/__/__/Middlewares/Third_Party/FatFs/src/ff.c.obj
                0x08006a6c                f_lseek
 .text.f_getfree
                0x08006eb4      0x16a cmake/stm32cubemx/CMakeFiles/FatFs.dir/__/__/Middlewares/Third_Party/FatFs/src/ff.c.obj
                0x08006eb4                f_getfree
 .text.ff_memalloc
                0x0800701e       0x18 cmake/stm32cubemx/CMakeFiles/FatFs.dir/__/__/Middlewares/Third_Party/FatFs/src/option/syscall.c.obj
                0x0800701e                ff_memalloc
 .text.ff_memfree
                0x08007036       0x16 cmake/stm32cubemx/CMakeFiles/FatFs.dir/__/__/Middlewares/Third_Party/FatFs/src/option/syscall.c.obj
                0x08007036                ff_memfree
 .text.ff_convert
                0x0800704c       0x78 cmake/stm32cubemx/CMakeFiles/FatFs.dir/__/__/Middlewares/Third_Party/FatFs/src/option/ccsbcs.c.obj
                0x0800704c                ff_convert
 .text.ff_wtoupper
                0x080070c4      0x114 cmake/stm32cubemx/CMakeFiles/FatFs.dir/__/__/Middlewares/Third_Party/FatFs/src/option/ccsbcs.c.obj
                0x080070c4                ff_wtoupper
 .text.get_fattime
                0x080071d8       0x10 CMakeFiles/BME280SensorLog.dir/FATFS/App/fatfs.c.obj
                0x080071d8                get_fattime
 .text.main     0x080071e8      0x10c CMakeFiles/BME280SensorLog.dir/Core/Src/main.c.obj
                0x080071e8                main
 .text.SystemClock_Config
                0x080072f4       0xd8 CMakeFiles/BME280SensorLog.dir/Core/Src/main.c.obj
                0x080072f4                SystemClock_Config
 .text.MX_I2C1_Init
                0x080073cc       0x80 CMakeFiles/BME280SensorLog.dir/Core/Src/main.c.obj
 .text.MX_RTC_Init
                0x0800744c       0x4c CMakeFiles/BME280SensorLog.dir/Core/Src/main.c.obj
 .text.MX_SPI1_Init
                0x08007498       0x6c CMakeFiles/BME280SensorLog.dir/Core/Src/main.c.obj
 .text.MX_USART1_UART_Init
                0x08007504       0x54 CMakeFiles/BME280SensorLog.dir/Core/Src/main.c.obj
 .text.MX_GPIO_Init
                0x08007558       0xbc CMakeFiles/BME280SensorLog.dir/Core/Src/main.c.obj
 .text.Error_Handler
                0x08007614        0xc CMakeFiles/BME280SensorLog.dir/Core/Src/main.c.obj
                0x08007614                Error_Handler
 .text.NMI_Handler
                0x08007620        0x8 CMakeFiles/BME280SensorLog.dir/Core/Src/stm32f4xx_it.c.obj
                0x08007620                NMI_Handler
 .text.HardFault_Handler
                0x08007628        0x8 CMakeFiles/BME280SensorLog.dir/Core/Src/stm32f4xx_it.c.obj
                0x08007628                HardFault_Handler
 .text.MemManage_Handler
                0x08007630        0x8 CMakeFiles/BME280SensorLog.dir/Core/Src/stm32f4xx_it.c.obj
                0x08007630                MemManage_Handler
 .text.BusFault_Handler
                0x08007638        0x8 CMakeFiles/BME280SensorLog.dir/Core/Src/stm32f4xx_it.c.obj
                0x08007638                BusFault_Handler
 .text.UsageFault_Handler
                0x08007640        0x8 CMakeFiles/BME280SensorLog.dir/Core/Src/stm32f4xx_it.c.obj
                0x08007640                UsageFault_Handler
 .text.SVC_Handler
                0x08007648        0xe CMakeFiles/BME280SensorLog.dir/Core/Src/stm32f4xx_it.c.obj
                0x08007648                SVC_Handler
 .text.DebugMon_Handler
                0x08007656        0xe CMakeFiles/BME280SensorLog.dir/Core/Src/stm32f4xx_it.c.obj
                0x08007656                DebugMon_Handler
 .text.PendSV_Handler
                0x08007664        0xe CMakeFiles/BME280SensorLog.dir/Core/Src/stm32f4xx_it.c.obj
                0x08007664                PendSV_Handler
 .text.SysTick_Handler
                0x08007672        0xc CMakeFiles/BME280SensorLog.dir/Core/Src/stm32f4xx_it.c.obj
                0x08007672                SysTick_Handler
 *fill*         0x0800767e        0x2 
 .text.HAL_MspInit
                0x08007680       0x50 CMakeFiles/BME280SensorLog.dir/Core/Src/stm32f4xx_hal_msp.c.obj
                0x08007680                HAL_MspInit
 .text.HAL_I2C_MspInit
                0x080076d0       0x90 CMakeFiles/BME280SensorLog.dir/Core/Src/stm32f4xx_hal_msp.c.obj
                0x080076d0                HAL_I2C_MspInit
 .text.HAL_RTC_MspInit
                0x08007760       0x54 CMakeFiles/BME280SensorLog.dir/Core/Src/stm32f4xx_hal_msp.c.obj
                0x08007760                HAL_RTC_MspInit
 .text.HAL_SPI_MspInit
                0x080077b4       0x90 CMakeFiles/BME280SensorLog.dir/Core/Src/stm32f4xx_hal_msp.c.obj
                0x080077b4                HAL_SPI_MspInit
 .text.HAL_UART_MspInit
                0x08007844       0x90 CMakeFiles/BME280SensorLog.dir/Core/Src/stm32f4xx_hal_msp.c.obj
                0x08007844                HAL_UART_MspInit
 .text._sbrk    0x080078d4       0x6c CMakeFiles/BME280SensorLog.dir/Core/Src/sysmem.c.obj
                0x080078d4                _sbrk
 .text.Reset_Handler
                0x08007940       0x50 CMakeFiles/BME280SensorLog.dir/startup_stm32f429xx.s.obj
                0x08007940                Reset_Handler
 .text.Default_Handler
                0x08007990        0x2 CMakeFiles/BME280SensorLog.dir/startup_stm32f429xx.s.obj
                0x08007990                RTC_Alarm_IRQHandler
                0x08007990                HASH_RNG_IRQHandler
                0x08007990                EXTI2_IRQHandler
                0x08007990                TIM8_CC_IRQHandler
                0x08007990                UART8_IRQHandler
                0x08007990                SPI4_IRQHandler
                0x08007990                TIM1_CC_IRQHandler
                0x08007990                DMA2_Stream5_IRQHandler
                0x08007990                DMA1_Stream5_IRQHandler
                0x08007990                PVD_IRQHandler
                0x08007990                SDIO_IRQHandler
                0x08007990                TAMP_STAMP_IRQHandler
                0x08007990                CAN2_RX1_IRQHandler
                0x08007990                EXTI3_IRQHandler
                0x08007990                TIM8_TRG_COM_TIM14_IRQHandler
                0x08007990                TIM1_UP_TIM10_IRQHandler
                0x08007990                TIM8_UP_TIM13_IRQHandler
                0x08007990                I2C3_ER_IRQHandler
                0x08007990                EXTI0_IRQHandler
                0x08007990                I2C2_EV_IRQHandler
                0x08007990                DMA1_Stream2_IRQHandler
                0x08007990                CAN1_RX0_IRQHandler
                0x08007990                FPU_IRQHandler
                0x08007990                OTG_HS_WKUP_IRQHandler
                0x08007990                LTDC_ER_IRQHandler
                0x08007990                CAN2_SCE_IRQHandler
                0x08007990                DMA2_Stream2_IRQHandler
                0x08007990                SPI1_IRQHandler
                0x08007990                TIM6_DAC_IRQHandler
                0x08007990                TIM1_BRK_TIM9_IRQHandler
                0x08007990                DCMI_IRQHandler
                0x08007990                CAN2_RX0_IRQHandler
                0x08007990                DMA2_Stream3_IRQHandler
                0x08007990                USART6_IRQHandler
                0x08007990                USART3_IRQHandler
                0x08007990                CAN1_RX1_IRQHandler
                0x08007990                UART5_IRQHandler
                0x08007990                DMA2_Stream0_IRQHandler
                0x08007990                TIM4_IRQHandler
                0x08007990                I2C1_EV_IRQHandler
                0x08007990                DMA1_Stream6_IRQHandler
                0x08007990                DMA1_Stream1_IRQHandler
                0x08007990                UART4_IRQHandler
                0x08007990                TIM3_IRQHandler
                0x08007990                RCC_IRQHandler
                0x08007990                TIM8_BRK_TIM12_IRQHandler
                0x08007990                Default_Handler
                0x08007990                EXTI15_10_IRQHandler
                0x08007990                ADC_IRQHandler
                0x08007990                DMA1_Stream7_IRQHandler
                0x08007990                SPI5_IRQHandler
                0x08007990                TIM7_IRQHandler
                0x08007990                CAN2_TX_IRQHandler
                0x08007990                TIM5_IRQHandler
                0x08007990                DMA2_Stream7_IRQHandler
                0x08007990                I2C3_EV_IRQHandler
                0x08007990                EXTI9_5_IRQHandler
                0x08007990                RTC_WKUP_IRQHandler
                0x08007990                LTDC_IRQHandler
                0x08007990                ETH_WKUP_IRQHandler
                0x08007990                SPI2_IRQHandler
                0x08007990                OTG_HS_EP1_IN_IRQHandler
                0x08007990                DMA1_Stream0_IRQHandler
                0x08007990                CAN1_TX_IRQHandler
                0x08007990                EXTI4_IRQHandler
                0x08007990                ETH_IRQHandler
                0x08007990                OTG_HS_EP1_OUT_IRQHandler
                0x08007990                WWDG_IRQHandler
                0x08007990                SPI6_IRQHandler
                0x08007990                TIM2_IRQHandler
                0x08007990                OTG_FS_WKUP_IRQHandler
                0x08007990                TIM1_TRG_COM_TIM11_IRQHandler
                0x08007990                OTG_HS_IRQHandler
                0x08007990                DMA2D_IRQHandler
                0x08007990                EXTI1_IRQHandler
                0x08007990                UART7_IRQHandler
                0x08007990                USART2_IRQHandler
                0x08007990                I2C2_ER_IRQHandler
                0x08007990                DMA2_Stream1_IRQHandler
                0x08007990                CAN1_SCE_IRQHandler
                0x08007990                FLASH_IRQHandler
                0x08007990                DMA2_Stream4_IRQHandler
                0x08007990                USART1_IRQHandler
                0x08007990                OTG_FS_IRQHandler
                0x08007990                SPI3_IRQHandler
                0x08007990                DMA1_Stream4_IRQHandler
                0x08007990                I2C1_ER_IRQHandler
                0x08007990                FMC_IRQHandler
                0x08007990                DMA2_Stream6_IRQHandler
                0x08007990                SAI1_IRQHandler
                0x08007990                DMA1_Stream3_IRQHandler
 .text.BME280_Init
                0x08007992       0x8a CMakeFiles/BME280SensorLog.dir/Core/Src/BME280_STM32.c.obj
                0x08007992                BME280_Init
 .text.TrimRead
                0x08007a1c      0x1ba CMakeFiles/BME280SensorLog.dir/Core/Src/BME280_STM32.c.obj
                0x08007a1c                TrimRead
 .text.BME280_Config
                0x08007bd6      0x1de CMakeFiles/BME280SensorLog.dir/Core/Src/BME280_STM32.c.obj
                0x08007bd6                BME280_Config
 .text.BMEReadRaw
                0x08007db4       0x9c CMakeFiles/BME280SensorLog.dir/Core/Src/BME280_STM32.c.obj
                0x08007db4                BMEReadRaw
 .text.BME280_CompensateT_int32
                0x08007e50       0x74 CMakeFiles/BME280SensorLog.dir/Core/Src/BME280_STM32.c.obj
                0x08007e50                BME280_CompensateT_int32
 .text.BME280_CompensateH_int32
                0x08007ec4       0xbe CMakeFiles/BME280SensorLog.dir/Core/Src/BME280_STM32.c.obj
                0x08007ec4                BME280_CompensateH_int32
 *fill*         0x08007f82        0x2 
 .text.BME280_Measure
                0x08007f84       0xc4 CMakeFiles/BME280SensorLog.dir/Core/Src/BME280_STM32.c.obj
                0x08007f84                BME280_Measure
 .text.log_sensor_init
                0x08008048       0xc0 CMakeFiles/BME280SensorLog.dir/Core/Src/log_sensor_data.c.obj
                0x08008048                log_sensor_init
 .text.get_sd_card_info
                0x08008108      0x100 CMakeFiles/BME280SensorLog.dir/Core/Src/log_sensor_data.c.obj
                0x08008108                get_sd_card_info
 .text.create_data_file_header
                0x08008208       0xec CMakeFiles/BME280SensorLog.dir/Core/Src/log_sensor_data.c.obj
                0x08008208                create_data_file_header
 .text.log_sensor_data
                0x080082f4      0x120 CMakeFiles/BME280SensorLog.dir/Core/Src/log_sensor_data.c.obj
                0x080082f4                log_sensor_data
 .text.send_uart_message
                0x08008414       0x42 CMakeFiles/BME280SensorLog.dir/Core/Src/log_sensor_data.c.obj
                0x08008414                send_uart_message
 *fill*         0x08008456        0x2 
 .text.clear_log_buffer
                0x08008458       0x18 CMakeFiles/BME280SensorLog.dir/Core/Src/log_sensor_data.c.obj
                0x08008458                clear_log_buffer
 .text.malloc   0x08008470       0x10 C:/Users/Akhat/AppData/Local/stm32cube/bundles/gnu-tools-for-stm32/13.3.1+st.9/bin/../lib/gcc/arm-none-eabi/13.3.1/../../../../arm-none-eabi/lib/thumb/v7e-m+fp/hard\libg_nano.a(libc_a-malloc.o)
                0x08008470                malloc
 .text.free     0x08008480       0x10 C:/Users/Akhat/AppData/Local/stm32cube/bundles/gnu-tools-for-stm32/13.3.1+st.9/bin/../lib/gcc/arm-none-eabi/13.3.1/../../../../arm-none-eabi/lib/thumb/v7e-m+fp/hard\libg_nano.a(libc_a-malloc.o)
                0x08008480                free
 .text.sprintf  0x08008490       0x44 C:/Users/Akhat/AppData/Local/stm32cube/bundles/gnu-tools-for-stm32/13.3.1+st.9/bin/../lib/gcc/arm-none-eabi/13.3.1/../../../../arm-none-eabi/lib/thumb/v7e-m+fp/hard\libg_nano.a(libc_a-sprintf.o)
                0x08008490                siprintf
                0x08008490                sprintf
 .text.__errno  0x080084d4        0xc C:/Users/Akhat/AppData/Local/stm32cube/bundles/gnu-tools-for-stm32/13.3.1+st.9/bin/../lib/gcc/arm-none-eabi/13.3.1/../../../../arm-none-eabi/lib/thumb/v7e-m+fp/hard\libg_nano.a(libc_a-errno.o)
                0x080084d4                __errno
 .text.__ssputs_r
                0x080084e0       0xb6 C:/Users/Akhat/AppData/Local/stm32cube/bundles/gnu-tools-for-stm32/13.3.1+st.9/bin/../lib/gcc/arm-none-eabi/13.3.1/../../../../arm-none-eabi/lib/thumb/v7e-m+fp/hard\libg_nano.a(libc_a-nano-svfprintf.o)
                0x080084e0                __ssputs_r
 *fill*         0x08008596        0x2 
 .text._svfprintf_r
                0x08008598      0x1f8 C:/Users/Akhat/AppData/Local/stm32cube/bundles/gnu-tools-for-stm32/13.3.1+st.9/bin/../lib/gcc/arm-none-eabi/13.3.1/../../../../arm-none-eabi/lib/thumb/v7e-m+fp/hard\libg_nano.a(libc_a-nano-svfprintf.o)
                0x08008598                _svfiprintf_r
                0x08008598                _svfprintf_r
 .text._printf_common
                0x08008790       0xda C:/Users/Akhat/AppData/Local/stm32cube/bundles/gnu-tools-for-stm32/13.3.1+st.9/bin/../lib/gcc/arm-none-eabi/13.3.1/../../../../arm-none-eabi/lib/thumb/v7e-m+fp/hard\libg_nano.a(libc_a-nano-vfprintf_i.o)
                0x08008790                _printf_common
 *fill*         0x0800886a        0x2 
 .text._printf_i
                0x0800886c      0x23c C:/Users/Akhat/AppData/Local/stm32cube/bundles/gnu-tools-for-stm32/13.3.1+st.9/bin/../lib/gcc/arm-none-eabi/13.3.1/../../../../arm-none-eabi/lib/thumb/v7e-m+fp/hard\libg_nano.a(libc_a-nano-vfprintf_i.o)
                0x0800886c                _printf_i
 .text.memmove  0x08008aa8       0x34 C:/Users/Akhat/AppData/Local/stm32cube/bundles/gnu-tools-for-stm32/13.3.1+st.9/bin/../lib/gcc/arm-none-eabi/13.3.1/../../../../arm-none-eabi/lib/thumb/v7e-m+fp/hard\libg_nano.a(libc_a-memmove.o)
                0x08008aa8                memmove
 .text.memcpy   0x08008adc       0x1c C:/Users/Akhat/AppData/Local/stm32cube/bundles/gnu-tools-for-stm32/13.3.1+st.9/bin/../lib/gcc/arm-none-eabi/13.3.1/../../../../arm-none-eabi/lib/thumb/v7e-m+fp/hard\libg_nano.a(libc_a-memcpy-stub.o)
                0x08008adc                memcpy
 .text._realloc_r
                0x08008af8       0x5c C:/Users/Akhat/AppData/Local/stm32cube/bundles/gnu-tools-for-stm32/13.3.1+st.9/bin/../lib/gcc/arm-none-eabi/13.3.1/../../../../arm-none-eabi/lib/thumb/v7e-m+fp/hard\libg_nano.a(libc_a-reallocr.o)
                0x08008af8                _realloc_r
 .text._malloc_usable_size_r
                0x08008b54       0x10 C:/Users/Akhat/AppData/Local/stm32cube/bundles/gnu-tools-for-stm32/13.3.1+st.9/bin/../lib/gcc/arm-none-eabi/13.3.1/../../../../arm-none-eabi/lib/thumb/v7e-m+fp/hard\libg_nano.a(libc_a-msizer.o)
                0x08008b54                _malloc_usable_size_r
 *(.glue_7)
 .glue_7        0x08008b64        0x0 linker stubs
 *(.glue_7t)
 .glue_7t       0x08008b64        0x0 linker stubs
 *(.eh_frame)
 .eh_frame      0x08008b64        0x0 C:/Users/Akhat/AppData/Local/stm32cube/bundles/gnu-tools-for-stm32/13.3.1+st.9/bin/../lib/gcc/arm-none-eabi/13.3.1/thumb/v7e-m+fp/hard/crtbegin.o
 *(.init)
 .init          0x08008b64        0x4 C:/Users/Akhat/AppData/Local/stm32cube/bundles/gnu-tools-for-stm32/13.3.1+st.9/bin/../lib/gcc/arm-none-eabi/13.3.1/thumb/v7e-m+fp/hard/crti.o
                0x08008b64                _init
 .init          0x08008b68        0x8 C:/Users/Akhat/AppData/Local/stm32cube/bundles/gnu-tools-for-stm32/13.3.1+st.9/bin/../lib/gcc/arm-none-eabi/13.3.1/thumb/v7e-m+fp/hard/crtn.o
 *(.fini)
 .fini          0x08008b70        0x4 C:/Users/Akhat/AppData/Local/stm32cube/bundles/gnu-tools-for-stm32/13.3.1+st.9/bin/../lib/gcc/arm-none-eabi/13.3.1/thumb/v7e-m+fp/hard/crti.o
                0x08008b70                _fini
 .fini          0x08008b74        0x8 C:/Users/Akhat/AppData/Local/stm32cube/bundles/gnu-tools-for-stm32/13.3.1+st.9/bin/../lib/gcc/arm-none-eabi/13.3.1/thumb/v7e-m+fp/hard/crtn.o
                0x08008b7c                        . = ALIGN (0x4)
                0x08008b7c                        _etext = .

.vfp11_veneer   0x08008b7c        0x0
 .vfp11_veneer  0x08008b7c        0x0 linker stubs

.v4_bx          0x08008b7c        0x0
 .v4_bx         0x08008b7c        0x0 linker stubs

.iplt           0x08008b7c        0x0
 .iplt          0x08008b7c        0x0 C:/Users/Akhat/AppData/Local/stm32cube/bundles/gnu-tools-for-stm32/13.3.1+st.9/bin/../lib/gcc/arm-none-eabi/13.3.1/thumb/v7e-m+fp/hard/crtbegin.o

.rodata         0x08008b7c      0x88c
                0x08008b7c                        . = ALIGN (0x4)
 *(.rodata)
 .rodata        0x08008b7c       0x48 cmake/stm32cubemx/CMakeFiles/FatFs.dir/__/__/Middlewares/Third_Party/FatFs/src/ff.c.obj
 .rodata        0x08008bc4      0x128 CMakeFiles/BME280SensorLog.dir/Core/Src/main.c.obj
 .rodata        0x08008cec      0x28d CMakeFiles/BME280SensorLog.dir/Core/Src/log_sensor_data.c.obj
 *(.rodata*)
 *fill*         0x08008f79        0x3 
 .rodata.AHBPrescTable
                0x08008f7c       0x10 cmake/stm32cubemx/CMakeFiles/STM32_Drivers.dir/__/__/Core/Src/system_stm32f4xx.c.obj
                0x08008f7c                AHBPrescTable
 .rodata.APBPrescTable
                0x08008f8c        0x8 cmake/stm32cubemx/CMakeFiles/STM32_Drivers.dir/__/__/Core/Src/system_stm32f4xx.c.obj
                0x08008f8c                APBPrescTable
 .rodata.ExCvt  0x08008f94       0x80 cmake/stm32cubemx/CMakeFiles/FatFs.dir/__/__/Middlewares/Third_Party/FatFs/src/ff.c.obj
 .rodata.LfnOfs
                0x08009014        0xd cmake/stm32cubemx/CMakeFiles/FatFs.dir/__/__/Middlewares/Third_Party/FatFs/src/ff.c.obj
 *fill*         0x08009021        0x3 
 .rodata.Tbl    0x08009024      0x100 cmake/stm32cubemx/CMakeFiles/FatFs.dir/__/__/Middlewares/Third_Party/FatFs/src/option/ccsbcs.c.obj
 .rodata.cvt1.1
                0x08009124      0x1f2 cmake/stm32cubemx/CMakeFiles/FatFs.dir/__/__/Middlewares/Third_Party/FatFs/src/option/ccsbcs.c.obj
 *fill*         0x08009316        0x2 
 .rodata.cvt2.0
                0x08009318       0xbc cmake/stm32cubemx/CMakeFiles/FatFs.dir/__/__/Middlewares/Third_Party/FatFs/src/option/ccsbcs.c.obj
 .rodata._svfprintf_r.str1.1
                0x080093d4       0x33 C:/Users/Akhat/AppData/Local/stm32cube/bundles/gnu-tools-for-stm32/13.3.1+st.9/bin/../lib/gcc/arm-none-eabi/13.3.1/../../../../arm-none-eabi/lib/thumb/v7e-m+fp/hard\libg_nano.a(libc_a-nano-svfprintf.o)
                                 0x11 (size before relaxing)
 .rodata._printf_i.str1.1
                0x08009407        0x0 C:/Users/Akhat/AppData/Local/stm32cube/bundles/gnu-tools-for-stm32/13.3.1+st.9/bin/../lib/gcc/arm-none-eabi/13.3.1/../../../../arm-none-eabi/lib/thumb/v7e-m+fp/hard\libg_nano.a(libc_a-nano-vfprintf_i.o)
                                 0x22 (size before relaxing)
                0x08009408                        . = ALIGN (0x4)
 *fill*         0x08009407        0x1 

.ARM.extab      0x08009408        0x0
                0x08009408                        . = ALIGN (0x4)
 *(.ARM.extab* .gnu.linkonce.armextab.*)
                0x08009408                        . = ALIGN (0x4)

.ARM            0x08009408        0x8
                0x08009408                        . = ALIGN (0x4)
                0x08009408                        __exidx_start = .
 *(.ARM.exidx*)
 .ARM.exidx     0x08009408        0x8 C:/Users/Akhat/AppData/Local/stm32cube/bundles/gnu-tools-for-stm32/13.3.1+st.9/bin/../lib/gcc/arm-none-eabi/13.3.1/thumb/v7e-m+fp/hard\libgcc.a(_udivmoddi4.o)
 .ARM.exidx     0x08009410        0x0 C:/Users/Akhat/AppData/Local/stm32cube/bundles/gnu-tools-for-stm32/13.3.1+st.9/bin/../lib/gcc/arm-none-eabi/13.3.1/../../../../arm-none-eabi/lib/thumb/v7e-m+fp/hard\libg_nano.a(libc_a-strlen.o)
                                  0x8 (size before relaxing)
 .ARM.exidx     0x08009410        0x0 C:/Users/Akhat/AppData/Local/stm32cube/bundles/gnu-tools-for-stm32/13.3.1+st.9/bin/../lib/gcc/arm-none-eabi/13.3.1/../../../../arm-none-eabi/lib/thumb/v7e-m+fp/hard\libg_nano.a(libc_a-memchr.o)
                                  0x8 (size before relaxing)
                0x08009410                        __exidx_end = .
                0x08009410                        . = ALIGN (0x4)

.preinit_array  0x08009410        0x0
                0x08009410                        . = ALIGN (0x4)
                0x08009410                        PROVIDE (__preinit_array_start = .)
 *(.preinit_array*)
                0x08009410                        PROVIDE (__preinit_array_end = .)
                0x08009410                        . = ALIGN (0x4)

.init_array     0x08009410        0x4
                0x08009410                        . = ALIGN (0x4)
                0x08009410                        PROVIDE (__init_array_start = .)
 *(SORT_BY_NAME(.init_array.*))
 *(.init_array*)
 .init_array    0x08009410        0x4 C:/Users/Akhat/AppData/Local/stm32cube/bundles/gnu-tools-for-stm32/13.3.1+st.9/bin/../lib/gcc/arm-none-eabi/13.3.1/thumb/v7e-m+fp/hard/crtbegin.o
                0x08009414                        PROVIDE (__init_array_end = .)
                0x08009414                        . = ALIGN (0x4)

.fini_array     0x08009414        0x4
                0x08009414                        . = ALIGN (0x4)
                [!provide]                        PROVIDE (__fini_array_start = .)
 *(SORT_BY_NAME(.fini_array.*))
 *(.fini_array*)
 .fini_array    0x08009414        0x4 C:/Users/Akhat/AppData/Local/stm32cube/bundles/gnu-tools-for-stm32/13.3.1+st.9/bin/../lib/gcc/arm-none-eabi/13.3.1/thumb/v7e-m+fp/hard/crtbegin.o
                [!provide]                        PROVIDE (__fini_array_end = .)
                0x08009418                        . = ALIGN (0x4)
                0x08009418                        _sidata = LOADADDR (.data)

.rel.dyn        0x08009418        0x0
 .rel.iplt      0x08009418        0x0 C:/Users/Akhat/AppData/Local/stm32cube/bundles/gnu-tools-for-stm32/13.3.1+st.9/bin/../lib/gcc/arm-none-eabi/13.3.1/thumb/v7e-m+fp/hard/crtbegin.o

.data           0x20000000       0x5c load address 0x08009418
                0x20000000                        . = ALIGN (0x4)
                0x20000000                        _sdata = .
 *(.data)
 *(.data*)
 .data._impure_ptr
                0x20000000        0x4 C:/Users/Akhat/AppData/Local/stm32cube/bundles/gnu-tools-for-stm32/13.3.1+st.9/bin/../lib/gcc/arm-none-eabi/13.3.1/../../../../arm-none-eabi/lib/thumb/v7e-m+fp/hard\libc_nano.a(libc_a-impure.o)
                0x20000000                _impure_ptr
 .data._impure_data
                0x20000004       0x4c C:/Users/Akhat/AppData/Local/stm32cube/bundles/gnu-tools-for-stm32/13.3.1+st.9/bin/../lib/gcc/arm-none-eabi/13.3.1/../../../../arm-none-eabi/lib/thumb/v7e-m+fp/hard\libc_nano.a(libc_a-impure.o)
                0x20000004                _impure_data
 .data.SystemCoreClock
                0x20000050        0x4 cmake/stm32cubemx/CMakeFiles/STM32_Drivers.dir/__/__/Core/Src/system_stm32f4xx.c.obj
                0x20000050                SystemCoreClock
 .data.uwTickPrio
                0x20000054        0x4 cmake/stm32cubemx/CMakeFiles/STM32_Drivers.dir/__/__/Drivers/STM32F4xx_HAL_Driver/Src/stm32f4xx_hal.c.obj
                0x20000054                uwTickPrio
 .data.uwTickFreq
                0x20000058        0x1 cmake/stm32cubemx/CMakeFiles/STM32_Drivers.dir/__/__/Drivers/STM32F4xx_HAL_Driver/Src/stm32f4xx_hal.c.obj
                0x20000058                uwTickFreq
 *(.RamFunc)
 *(.RamFunc*)
                0x2000005c                        . = ALIGN (0x4)
 *fill*         0x20000059        0x3 
                0x2000005c                        _edata = .
                0x08009474                        _siccmram = LOADADDR (.ccmram)

.igot.plt       0x2000005c        0x0 load address 0x08009474
 .igot.plt      0x2000005c        0x0 C:/Users/Akhat/AppData/Local/stm32cube/bundles/gnu-tools-for-stm32/13.3.1+st.9/bin/../lib/gcc/arm-none-eabi/13.3.1/thumb/v7e-m+fp/hard/crtbegin.o

.ccmram         0x10000000        0x0 load address 0x08009474
                0x10000000                        . = ALIGN (0x4)
                0x10000000                        _sccmram = .
 *(.ccmram)
 *(.ccmram*)
                0x10000000                        . = ALIGN (0x4)
                0x10000000                        _eccmram = .
                0x10000000                        . = ALIGN (0x4)

.bss            0x2000005c     0x2894
                0x2000005c                        _sbss = .
                0x2000005c                        __bss_start__ = _sbss
 *(.bss)
 .bss           0x2000005c       0x1c C:/Users/Akhat/AppData/Local/stm32cube/bundles/gnu-tools-for-stm32/13.3.1+st.9/bin/../lib/gcc/arm-none-eabi/13.3.1/thumb/v7e-m+fp/hard/crtbegin.o
 *(.bss*)
 .bss.__sf      0x20000078      0x138 C:/Users/Akhat/AppData/Local/stm32cube/bundles/gnu-tools-for-stm32/13.3.1+st.9/bin/../lib/gcc/arm-none-eabi/13.3.1/../../../../arm-none-eabi/lib/thumb/v7e-m+fp/hard\libc_nano.a(libc_a-findfp.o)
                0x20000078                __sf
 .bss.errno     0x200001b0        0x4 C:/Users/Akhat/AppData/Local/stm32cube/bundles/gnu-tools-for-stm32/13.3.1+st.9/bin/../lib/gcc/arm-none-eabi/13.3.1/../../../../arm-none-eabi/lib/thumb/v7e-m+fp/hard\libc_nano.a(libc_a-reent.o)
                0x200001b0                errno
 .bss.__lock___malloc_recursive_mutex
                0x200001b4        0x1 C:/Users/Akhat/AppData/Local/stm32cube/bundles/gnu-tools-for-stm32/13.3.1+st.9/bin/../lib/gcc/arm-none-eabi/13.3.1/../../../../arm-none-eabi/lib/thumb/v7e-m+fp/hard\libc_nano.a(libc_a-lock.o)
                0x200001b4                __lock___malloc_recursive_mutex
 *fill*         0x200001b5        0x3 
 .bss.__malloc_sbrk_start
                0x200001b8        0x4 C:/Users/Akhat/AppData/Local/stm32cube/bundles/gnu-tools-for-stm32/13.3.1+st.9/bin/../lib/gcc/arm-none-eabi/13.3.1/../../../../arm-none-eabi/lib/thumb/v7e-m+fp/hard\libc_nano.a(libc_a-mallocr.o)
                0x200001b8                __malloc_sbrk_start
 .bss.__malloc_free_list
                0x200001bc        0x4 C:/Users/Akhat/AppData/Local/stm32cube/bundles/gnu-tools-for-stm32/13.3.1+st.9/bin/../lib/gcc/arm-none-eabi/13.3.1/../../../../arm-none-eabi/lib/thumb/v7e-m+fp/hard\libc_nano.a(libc_a-mallocr.o)
                0x200001bc                __malloc_free_list
 .bss.uwTick    0x200001c0        0x4 cmake/stm32cubemx/CMakeFiles/STM32_Drivers.dir/__/__/Drivers/STM32F4xx_HAL_Driver/Src/stm32f4xx_hal.c.obj
                0x200001c0                uwTick
 .bss.FatFs     0x200001c4        0x4 cmake/stm32cubemx/CMakeFiles/FatFs.dir/__/__/Middlewares/Third_Party/FatFs/src/ff.c.obj
 .bss.Fsid      0x200001c8        0x2 cmake/stm32cubemx/CMakeFiles/FatFs.dir/__/__/Middlewares/Third_Party/FatFs/src/ff.c.obj
 *fill*         0x200001ca        0x2 
 .bss.Files     0x200001cc       0x20 cmake/stm32cubemx/CMakeFiles/FatFs.dir/__/__/Middlewares/Third_Party/FatFs/src/ff.c.obj
 .bss.disk      0x200001ec        0xc cmake/stm32cubemx/CMakeFiles/FatFs.dir/__/__/Middlewares/Third_Party/FatFs/src/ff_gen_drv.c.obj
                0x200001ec                disk
 .bss.hi2c1     0x200001f8       0x54 CMakeFiles/BME280SensorLog.dir/Core/Src/main.c.obj
                0x200001f8                hi2c1
 .bss.hrtc      0x2000024c       0x20 CMakeFiles/BME280SensorLog.dir/Core/Src/main.c.obj
                0x2000024c                hrtc
 .bss.hspi1     0x2000026c       0x58 CMakeFiles/BME280SensorLog.dir/Core/Src/main.c.obj
                0x2000026c                hspi1
 .bss.huart1    0x200002c4       0x48 CMakeFiles/BME280SensorLog.dir/Core/Src/main.c.obj
                0x200002c4                huart1
 .bss.current_data
                0x2000030c       0x10 CMakeFiles/BME280SensorLog.dir/Core/Src/main.c.obj
                0x2000030c                current_data
 .bss.log_status
                0x2000031c        0x1 CMakeFiles/BME280SensorLog.dir/Core/Src/main.c.obj
                0x2000031c                log_status
 *fill*         0x2000031d        0x3 
 .bss.sd_logger
                0x20000320        0x4 CMakeFiles/BME280SensorLog.dir/Core/Src/main.c.obj
                0x20000320                sd_logger
 .bss.bme1      0x20000324       0x48 CMakeFiles/BME280SensorLog.dir/Core/Src/main.c.obj
                0x20000324                bme1
 .bss.__sbrk_heap_end
                0x2000036c        0x4 CMakeFiles/BME280SensorLog.dir/Core/Src/sysmem.c.obj
 .bss.fs        0x20000370     0x1038 CMakeFiles/BME280SensorLog.dir/Core/Src/log_sensor_data.c.obj
 .bss.fil       0x200013a8     0x1030 CMakeFiles/BME280SensorLog.dir/Core/Src/log_sensor_data.c.obj
 .bss.fresult   0x200023d8        0x1 CMakeFiles/BME280SensorLog.dir/Core/Src/log_sensor_data.c.obj
 *fill*         0x200023d9        0x3 
 .bss.log_buffer
                0x200023dc      0x400 CMakeFiles/BME280SensorLog.dir/Core/Src/log_sensor_data.c.obj
 .bss.sensor_data_buffer
                0x200027dc      0x100 CMakeFiles/BME280SensorLog.dir/Core/Src/log_sensor_data.c.obj
 .bss.bytes_written
                0x200028dc        0x4 CMakeFiles/BME280SensorLog.dir/Core/Src/log_sensor_data.c.obj
 .bss.free_clusters
                0x200028e0        0x4 CMakeFiles/BME280SensorLog.dir/Core/Src/log_sensor_data.c.obj
 .bss.pfs       0x200028e4        0x4 CMakeFiles/BME280SensorLog.dir/Core/Src/log_sensor_data.c.obj
 .bss.total_space
                0x200028e8        0x4 CMakeFiles/BME280SensorLog.dir/Core/Src/log_sensor_data.c.obj
 .bss.free_space
                0x200028ec        0x4 CMakeFiles/BME280SensorLog.dir/Core/Src/log_sensor_data.c.obj
 *(COMMON)
                0x200028f0                        . = ALIGN (0x4)
                0x200028f0                        _ebss = .
                0x200028f0                        __bss_end__ = _ebss

._user_heap_stack
                0x200028f0      0x600
                0x200028f0                        . = ALIGN (0x8)
                [!provide]                        PROVIDE (end = .)
                0x200028f0                        PROVIDE (_end = .)
                0x20002af0                        . = (. + _Min_Heap_Size)
 *fill*         0x200028f0      0x200 
                0x20002ef0                        . = (. + _Min_Stack_Size)
 *fill*         0x20002af0      0x400 
                0x20002ef0                        . = ALIGN (0x8)

/DISCARD/
 libc.a(*)
 libm.a(*)
 libgcc.a(*)
OUTPUT(BME280SensorLog.elf elf32-littlearm)
LOAD linker stubs
LOAD C:/Users/Akhat/AppData/Local/stm32cube/bundles/gnu-tools-for-stm32/13.3.1+st.9/bin/../lib/gcc/arm-none-eabi/13.3.1/../../../../arm-none-eabi/lib/thumb/v7e-m+fp/hard\libc.a
LOAD C:/Users/Akhat/AppData/Local/stm32cube/bundles/gnu-tools-for-stm32/13.3.1+st.9/bin/../lib/gcc/arm-none-eabi/13.3.1/../../../../arm-none-eabi/lib/thumb/v7e-m+fp/hard\libm.a
LOAD C:/Users/Akhat/AppData/Local/stm32cube/bundles/gnu-tools-for-stm32/13.3.1+st.9/bin/../lib/gcc/arm-none-eabi/13.3.1/thumb/v7e-m+fp/hard\libgcc.a

.ARM.attributes
                0x00000000       0x30
 .ARM.attributes
                0x00000000       0x22 C:/Users/Akhat/AppData/Local/stm32cube/bundles/gnu-tools-for-stm32/13.3.1+st.9/bin/../lib/gcc/arm-none-eabi/13.3.1/thumb/v7e-m+fp/hard/crti.o
 .ARM.attributes
                0x00000022       0x34 C:/Users/Akhat/AppData/Local/stm32cube/bundles/gnu-tools-for-stm32/13.3.1+st.9/bin/../lib/gcc/arm-none-eabi/13.3.1/thumb/v7e-m+fp/hard/crtbegin.o
 .ARM.attributes
                0x00000056       0x34 C:/Users/Akhat/AppData/Local/stm32cube/bundles/gnu-tools-for-stm32/13.3.1+st.9/bin/../lib/gcc/arm-none-eabi/13.3.1/../../../../arm-none-eabi/lib/thumb/v7e-m+fp/hard\libc_nano.a(libc_a-findfp.o)
 .ARM.attributes
                0x0000008a       0x34 C:/Users/Akhat/AppData/Local/stm32cube/bundles/gnu-tools-for-stm32/13.3.1+st.9/bin/../lib/gcc/arm-none-eabi/13.3.1/../../../../arm-none-eabi/lib/thumb/v7e-m+fp/hard\libc_nano.a(libc_a-memset.o)
 .ARM.attributes
                0x000000be       0x34 C:/Users/Akhat/AppData/Local/stm32cube/bundles/gnu-tools-for-stm32/13.3.1+st.9/bin/../lib/gcc/arm-none-eabi/13.3.1/../../../../arm-none-eabi/lib/thumb/v7e-m+fp/hard\libc_nano.a(libc_a-reent.o)
 .ARM.attributes
                0x000000f2       0x34 C:/Users/Akhat/AppData/Local/stm32cube/bundles/gnu-tools-for-stm32/13.3.1+st.9/bin/../lib/gcc/arm-none-eabi/13.3.1/../../../../arm-none-eabi/lib/thumb/v7e-m+fp/hard\libc_nano.a(libc_a-impure.o)
 .ARM.attributes
                0x00000126       0x34 C:/Users/Akhat/AppData/Local/stm32cube/bundles/gnu-tools-for-stm32/13.3.1+st.9/bin/../lib/gcc/arm-none-eabi/13.3.1/../../../../arm-none-eabi/lib/thumb/v7e-m+fp/hard\libc_nano.a(libc_a-init.o)
 .ARM.attributes
                0x0000015a       0x34 C:/Users/Akhat/AppData/Local/stm32cube/bundles/gnu-tools-for-stm32/13.3.1+st.9/bin/../lib/gcc/arm-none-eabi/13.3.1/../../../../arm-none-eabi/lib/thumb/v7e-m+fp/hard\libc_nano.a(libc_a-lock.o)
 .ARM.attributes
                0x0000018e       0x34 C:/Users/Akhat/AppData/Local/stm32cube/bundles/gnu-tools-for-stm32/13.3.1+st.9/bin/../lib/gcc/arm-none-eabi/13.3.1/../../../../arm-none-eabi/lib/thumb/v7e-m+fp/hard\libc_nano.a(libc_a-freer.o)
 .ARM.attributes
                0x000001c2       0x34 C:/Users/Akhat/AppData/Local/stm32cube/bundles/gnu-tools-for-stm32/13.3.1+st.9/bin/../lib/gcc/arm-none-eabi/13.3.1/../../../../arm-none-eabi/lib/thumb/v7e-m+fp/hard\libc_nano.a(libc_a-mallocr.o)
 .ARM.attributes
                0x000001f6       0x34 C:/Users/Akhat/AppData/Local/stm32cube/bundles/gnu-tools-for-stm32/13.3.1+st.9/bin/../lib/gcc/arm-none-eabi/13.3.1/../../../../arm-none-eabi/lib/thumb/v7e-m+fp/hard\libc_nano.a(libc_a-mlock.o)
 .ARM.attributes
                0x0000022a       0x34 C:/Users/Akhat/AppData/Local/stm32cube/bundles/gnu-tools-for-stm32/13.3.1+st.9/bin/../lib/gcc/arm-none-eabi/13.3.1/../../../../arm-none-eabi/lib/thumb/v7e-m+fp/hard\libc_nano.a(libc_a-sbrkr.o)
 .ARM.attributes
                0x0000025e       0x34 cmake/stm32cubemx/CMakeFiles/STM32_Drivers.dir/__/__/Core/Src/system_stm32f4xx.c.obj
 .ARM.attributes
                0x00000292       0x34 cmake/stm32cubemx/CMakeFiles/STM32_Drivers.dir/__/__/Drivers/STM32F4xx_HAL_Driver/Src/stm32f4xx_hal_rcc.c.obj
 .ARM.attributes
                0x000002c6       0x34 cmake/stm32cubemx/CMakeFiles/STM32_Drivers.dir/__/__/Drivers/STM32F4xx_HAL_Driver/Src/stm32f4xx_hal_rcc_ex.c.obj
 .ARM.attributes
                0x000002fa       0x34 cmake/stm32cubemx/CMakeFiles/STM32_Drivers.dir/__/__/Drivers/STM32F4xx_HAL_Driver/Src/stm32f4xx_hal_gpio.c.obj
 .ARM.attributes
                0x0000032e       0x34 cmake/stm32cubemx/CMakeFiles/STM32_Drivers.dir/__/__/Drivers/STM32F4xx_HAL_Driver/Src/stm32f4xx_hal_cortex.c.obj
 .ARM.attributes
                0x00000362       0x34 cmake/stm32cubemx/CMakeFiles/STM32_Drivers.dir/__/__/Drivers/STM32F4xx_HAL_Driver/Src/stm32f4xx_hal.c.obj
 .ARM.attributes
                0x00000396       0x34 cmake/stm32cubemx/CMakeFiles/STM32_Drivers.dir/__/__/Drivers/STM32F4xx_HAL_Driver/Src/stm32f4xx_hal_i2c.c.obj
 .ARM.attributes
                0x000003ca       0x34 cmake/stm32cubemx/CMakeFiles/STM32_Drivers.dir/__/__/Drivers/STM32F4xx_HAL_Driver/Src/stm32f4xx_hal_i2c_ex.c.obj
 .ARM.attributes
                0x000003fe       0x34 cmake/stm32cubemx/CMakeFiles/STM32_Drivers.dir/__/__/Drivers/STM32F4xx_HAL_Driver/Src/stm32f4xx_hal_rtc.c.obj
 .ARM.attributes
                0x00000432       0x34 cmake/stm32cubemx/CMakeFiles/STM32_Drivers.dir/__/__/Drivers/STM32F4xx_HAL_Driver/Src/stm32f4xx_hal_spi.c.obj
 .ARM.attributes
                0x00000466       0x34 cmake/stm32cubemx/CMakeFiles/STM32_Drivers.dir/__/__/Drivers/STM32F4xx_HAL_Driver/Src/stm32f4xx_hal_uart.c.obj
 .ARM.attributes
                0x0000049a       0x34 cmake/stm32cubemx/CMakeFiles/FatFs.dir/__/__/Middlewares/Third_Party/FatFs/src/diskio.c.obj
 .ARM.attributes
                0x000004ce       0x34 cmake/stm32cubemx/CMakeFiles/FatFs.dir/__/__/Middlewares/Third_Party/FatFs/src/ff.c.obj
 .ARM.attributes
                0x00000502       0x34 cmake/stm32cubemx/CMakeFiles/FatFs.dir/__/__/Middlewares/Third_Party/FatFs/src/ff_gen_drv.c.obj
 .ARM.attributes
                0x00000536       0x34 cmake/stm32cubemx/CMakeFiles/FatFs.dir/__/__/Middlewares/Third_Party/FatFs/src/option/syscall.c.obj
 .ARM.attributes
                0x0000056a       0x34 cmake/stm32cubemx/CMakeFiles/FatFs.dir/__/__/Middlewares/Third_Party/FatFs/src/option/ccsbcs.c.obj
 .ARM.attributes
                0x0000059e       0x34 CMakeFiles/BME280SensorLog.dir/FATFS/App/fatfs.c.obj
 .ARM.attributes
                0x000005d2       0x34 CMakeFiles/BME280SensorLog.dir/Core/Src/main.c.obj
 .ARM.attributes
                0x00000606       0x34 CMakeFiles/BME280SensorLog.dir/Core/Src/stm32f4xx_it.c.obj
 .ARM.attributes
                0x0000063a       0x34 CMakeFiles/BME280SensorLog.dir/Core/Src/stm32f4xx_hal_msp.c.obj
 .ARM.attributes
                0x0000066e       0x34 CMakeFiles/BME280SensorLog.dir/Core/Src/sysmem.c.obj
 .ARM.attributes
                0x000006a2       0x21 CMakeFiles/BME280SensorLog.dir/startup_stm32f429xx.s.obj
 .ARM.attributes
                0x000006c3       0x34 CMakeFiles/BME280SensorLog.dir/Core/Src/BME280_STM32.c.obj
 .ARM.attributes
                0x000006f7       0x34 CMakeFiles/BME280SensorLog.dir/Core/Src/log_sensor_data.c.obj
 .ARM.attributes
                0x0000072b       0x22 C:/Users/Akhat/AppData/Local/stm32cube/bundles/gnu-tools-for-stm32/13.3.1+st.9/bin/../lib/gcc/arm-none-eabi/13.3.1/thumb/v7e-m+fp/hard\libgcc.a(_arm_muldf3.o)
 .ARM.attributes
                0x0000074d       0x22 C:/Users/Akhat/AppData/Local/stm32cube/bundles/gnu-tools-for-stm32/13.3.1+st.9/bin/../lib/gcc/arm-none-eabi/13.3.1/thumb/v7e-m+fp/hard\libgcc.a(_arm_addsubdf3.o)
 .ARM.attributes
                0x0000076f       0x22 C:/Users/Akhat/AppData/Local/stm32cube/bundles/gnu-tools-for-stm32/13.3.1+st.9/bin/../lib/gcc/arm-none-eabi/13.3.1/thumb/v7e-m+fp/hard\libgcc.a(_arm_fixunsdfsi.o)
 .ARM.attributes
                0x00000791       0x22 C:/Users/Akhat/AppData/Local/stm32cube/bundles/gnu-tools-for-stm32/13.3.1+st.9/bin/../lib/gcc/arm-none-eabi/13.3.1/thumb/v7e-m+fp/hard\libgcc.a(_aeabi_uldivmod.o)
 .ARM.attributes
                0x000007b3       0x34 C:/Users/Akhat/AppData/Local/stm32cube/bundles/gnu-tools-for-stm32/13.3.1+st.9/bin/../lib/gcc/arm-none-eabi/13.3.1/thumb/v7e-m+fp/hard\libgcc.a(_udivmoddi4.o)
 .ARM.attributes
                0x000007e7       0x22 C:/Users/Akhat/AppData/Local/stm32cube/bundles/gnu-tools-for-stm32/13.3.1+st.9/bin/../lib/gcc/arm-none-eabi/13.3.1/thumb/v7e-m+fp/hard\libgcc.a(_dvmd_tls.o)
 .ARM.attributes
                0x00000809       0x34 C:/Users/Akhat/AppData/Local/stm32cube/bundles/gnu-tools-for-stm32/13.3.1+st.9/bin/../lib/gcc/arm-none-eabi/13.3.1/../../../../arm-none-eabi/lib/thumb/v7e-m+fp/hard\libg_nano.a(libc_a-malloc.o)
 .ARM.attributes
                0x0000083d       0x34 C:/Users/Akhat/AppData/Local/stm32cube/bundles/gnu-tools-for-stm32/13.3.1+st.9/bin/../lib/gcc/arm-none-eabi/13.3.1/../../../../arm-none-eabi/lib/thumb/v7e-m+fp/hard\libg_nano.a(libc_a-sprintf.o)
 .ARM.attributes
                0x00000871       0x34 C:/Users/Akhat/AppData/Local/stm32cube/bundles/gnu-tools-for-stm32/13.3.1+st.9/bin/../lib/gcc/arm-none-eabi/13.3.1/../../../../arm-none-eabi/lib/thumb/v7e-m+fp/hard\libg_nano.a(libc_a-errno.o)
 .ARM.attributes
                0x000008a5       0x17 C:/Users/Akhat/AppData/Local/stm32cube/bundles/gnu-tools-for-stm32/13.3.1+st.9/bin/../lib/gcc/arm-none-eabi/13.3.1/../../../../arm-none-eabi/lib/thumb/v7e-m+fp/hard\libg_nano.a(libc_a-strlen.o)
 .ARM.attributes
                0x000008bc       0x34 C:/Users/Akhat/AppData/Local/stm32cube/bundles/gnu-tools-for-stm32/13.3.1+st.9/bin/../lib/gcc/arm-none-eabi/13.3.1/../../../../arm-none-eabi/lib/thumb/v7e-m+fp/hard\libg_nano.a(libc_a-nano-svfprintf.o)
 .ARM.attributes
                0x000008f0       0x34 C:/Users/Akhat/AppData/Local/stm32cube/bundles/gnu-tools-for-stm32/13.3.1+st.9/bin/../lib/gcc/arm-none-eabi/13.3.1/../../../../arm-none-eabi/lib/thumb/v7e-m+fp/hard\libg_nano.a(libc_a-nano-vfprintf_i.o)
 .ARM.attributes
                0x00000924       0x34 C:/Users/Akhat/AppData/Local/stm32cube/bundles/gnu-tools-for-stm32/13.3.1+st.9/bin/../lib/gcc/arm-none-eabi/13.3.1/../../../../arm-none-eabi/lib/thumb/v7e-m+fp/hard\libg_nano.a(libc_a-memmove.o)
 .ARM.attributes
                0x00000958       0x1c C:/Users/Akhat/AppData/Local/stm32cube/bundles/gnu-tools-for-stm32/13.3.1+st.9/bin/../lib/gcc/arm-none-eabi/13.3.1/../../../../arm-none-eabi/lib/thumb/v7e-m+fp/hard\libg_nano.a(libc_a-memchr.o)
 .ARM.attributes
                0x00000974       0x34 C:/Users/Akhat/AppData/Local/stm32cube/bundles/gnu-tools-for-stm32/13.3.1+st.9/bin/../lib/gcc/arm-none-eabi/13.3.1/../../../../arm-none-eabi/lib/thumb/v7e-m+fp/hard\libg_nano.a(libc_a-memcpy-stub.o)
 .ARM.attributes
                0x000009a8       0x34 C:/Users/Akhat/AppData/Local/stm32cube/bundles/gnu-tools-for-stm32/13.3.1+st.9/bin/../lib/gcc/arm-none-eabi/13.3.1/../../../../arm-none-eabi/lib/thumb/v7e-m+fp/hard\libg_nano.a(libc_a-reallocr.o)
 .ARM.attributes
                0x000009dc       0x34 C:/Users/Akhat/AppData/Local/stm32cube/bundles/gnu-tools-for-stm32/13.3.1+st.9/bin/../lib/gcc/arm-none-eabi/13.3.1/../../../../arm-none-eabi/lib/thumb/v7e-m+fp/hard\libg_nano.a(libc_a-msizer.o)
 .ARM.attributes
                0x00000a10       0x22 C:/Users/Akhat/AppData/Local/stm32cube/bundles/gnu-tools-for-stm32/13.3.1+st.9/bin/../lib/gcc/arm-none-eabi/13.3.1/thumb/v7e-m+fp/hard/crtn.o

.comment        0x00000000       0x43
 .comment       0x00000000       0x43 cmake/stm32cubemx/CMakeFiles/STM32_Drivers.dir/__/__/Core/Src/system_stm32f4xx.c.obj
                                 0x44 (size before relaxing)
 .comment       0x00000043        0x0 cmake/stm32cubemx/CMakeFiles/STM32_Drivers.dir/__/__/Drivers/STM32F4xx_HAL_Driver/Src/stm32f4xx_hal_rcc.c.obj
                                 0x44 (size before relaxing)
 .comment       0x00000043        0x0 cmake/stm32cubemx/CMakeFiles/STM32_Drivers.dir/__/__/Drivers/STM32F4xx_HAL_Driver/Src/stm32f4xx_hal_rcc_ex.c.obj
                                 0x44 (size before relaxing)
 .comment       0x00000043        0x0 cmake/stm32cubemx/CMakeFiles/STM32_Drivers.dir/__/__/Drivers/STM32F4xx_HAL_Driver/Src/stm32f4xx_hal_gpio.c.obj
                                 0x44 (size before relaxing)
 .comment       0x00000043        0x0 cmake/stm32cubemx/CMakeFiles/STM32_Drivers.dir/__/__/Drivers/STM32F4xx_HAL_Driver/Src/stm32f4xx_hal_cortex.c.obj
                                 0x44 (size before relaxing)
 .comment       0x00000043        0x0 cmake/stm32cubemx/CMakeFiles/STM32_Drivers.dir/__/__/Drivers/STM32F4xx_HAL_Driver/Src/stm32f4xx_hal.c.obj
                                 0x44 (size before relaxing)
 .comment       0x00000043        0x0 cmake/stm32cubemx/CMakeFiles/STM32_Drivers.dir/__/__/Drivers/STM32F4xx_HAL_Driver/Src/stm32f4xx_hal_i2c.c.obj
                                 0x44 (size before relaxing)
 .comment       0x00000043        0x0 cmake/stm32cubemx/CMakeFiles/STM32_Drivers.dir/__/__/Drivers/STM32F4xx_HAL_Driver/Src/stm32f4xx_hal_i2c_ex.c.obj
                                 0x44 (size before relaxing)
 .comment       0x00000043        0x0 cmake/stm32cubemx/CMakeFiles/STM32_Drivers.dir/__/__/Drivers/STM32F4xx_HAL_Driver/Src/stm32f4xx_hal_rtc.c.obj
                                 0x44 (size before relaxing)
 .comment       0x00000043        0x0 cmake/stm32cubemx/CMakeFiles/STM32_Drivers.dir/__/__/Drivers/STM32F4xx_HAL_Driver/Src/stm32f4xx_hal_spi.c.obj
                                 0x44 (size before relaxing)
 .comment       0x00000043        0x0 cmake/stm32cubemx/CMakeFiles/STM32_Drivers.dir/__/__/Drivers/STM32F4xx_HAL_Driver/Src/stm32f4xx_hal_uart.c.obj
                                 0x44 (size before relaxing)
 .comment       0x00000043        0x0 cmake/stm32cubemx/CMakeFiles/FatFs.dir/__/__/Middlewares/Third_Party/FatFs/src/diskio.c.obj
                                 0x44 (size before relaxing)
 .comment       0x00000043        0x0 cmake/stm32cubemx/CMakeFiles/FatFs.dir/__/__/Middlewares/Third_Party/FatFs/src/ff.c.obj
                                 0x44 (size before relaxing)
 .comment       0x00000043        0x0 cmake/stm32cubemx/CMakeFiles/FatFs.dir/__/__/Middlewares/Third_Party/FatFs/src/ff_gen_drv.c.obj
                                 0x44 (size before relaxing)
 .comment       0x00000043        0x0 cmake/stm32cubemx/CMakeFiles/FatFs.dir/__/__/Middlewares/Third_Party/FatFs/src/option/syscall.c.obj
                                 0x44 (size before relaxing)
 .comment       0x00000043        0x0 cmake/stm32cubemx/CMakeFiles/FatFs.dir/__/__/Middlewares/Third_Party/FatFs/src/option/ccsbcs.c.obj
                                 0x44 (size before relaxing)
 .comment       0x00000043        0x0 CMakeFiles/BME280SensorLog.dir/FATFS/App/fatfs.c.obj
                                 0x44 (size before relaxing)
 .comment       0x00000043        0x0 CMakeFiles/BME280SensorLog.dir/Core/Src/main.c.obj
                                 0x44 (size before relaxing)
 .comment       0x00000043        0x0 CMakeFiles/BME280SensorLog.dir/Core/Src/stm32f4xx_it.c.obj
                                 0x44 (size before relaxing)
 .comment       0x00000043        0x0 CMakeFiles/BME280SensorLog.dir/Core/Src/stm32f4xx_hal_msp.c.obj
                                 0x44 (size before relaxing)
 .comment       0x00000043        0x0 CMakeFiles/BME280SensorLog.dir/Core/Src/sysmem.c.obj
                                 0x44 (size before relaxing)
 .comment       0x00000043        0x0 CMakeFiles/BME280SensorLog.dir/Core/Src/BME280_STM32.c.obj
                                 0x44 (size before relaxing)
 .comment       0x00000043        0x0 CMakeFiles/BME280SensorLog.dir/Core/Src/log_sensor_data.c.obj
                                 0x44 (size before relaxing)
 .comment       0x00000043        0x0 C:/Users/Akhat/AppData/Local/stm32cube/bundles/gnu-tools-for-stm32/13.3.1+st.9/bin/../lib/gcc/arm-none-eabi/13.3.1/../../../../arm-none-eabi/lib/thumb/v7e-m+fp/hard\libg_nano.a(libc_a-malloc.o)
                                 0x44 (size before relaxing)
 .comment       0x00000043        0x0 C:/Users/Akhat/AppData/Local/stm32cube/bundles/gnu-tools-for-stm32/13.3.1+st.9/bin/../lib/gcc/arm-none-eabi/13.3.1/../../../../arm-none-eabi/lib/thumb/v7e-m+fp/hard\libg_nano.a(libc_a-sprintf.o)
                                 0x44 (size before relaxing)
 .comment       0x00000043        0x0 C:/Users/Akhat/AppData/Local/stm32cube/bundles/gnu-tools-for-stm32/13.3.1+st.9/bin/../lib/gcc/arm-none-eabi/13.3.1/../../../../arm-none-eabi/lib/thumb/v7e-m+fp/hard\libg_nano.a(libc_a-errno.o)
                                 0x44 (size before relaxing)
 .comment       0x00000043        0x0 C:/Users/Akhat/AppData/Local/stm32cube/bundles/gnu-tools-for-stm32/13.3.1+st.9/bin/../lib/gcc/arm-none-eabi/13.3.1/../../../../arm-none-eabi/lib/thumb/v7e-m+fp/hard\libg_nano.a(libc_a-nano-svfprintf.o)
                                 0x44 (size before relaxing)
 .comment       0x00000043        0x0 C:/Users/Akhat/AppData/Local/stm32cube/bundles/gnu-tools-for-stm32/13.3.1+st.9/bin/../lib/gcc/arm-none-eabi/13.3.1/../../../../arm-none-eabi/lib/thumb/v7e-m+fp/hard\libg_nano.a(libc_a-nano-vfprintf_i.o)
                                 0x44 (size before relaxing)
 .comment       0x00000043        0x0 C:/Users/Akhat/AppData/Local/stm32cube/bundles/gnu-tools-for-stm32/13.3.1+st.9/bin/../lib/gcc/arm-none-eabi/13.3.1/../../../../arm-none-eabi/lib/thumb/v7e-m+fp/hard\libg_nano.a(libc_a-memmove.o)
                                 0x44 (size before relaxing)
 .comment       0x00000043        0x0 C:/Users/Akhat/AppData/Local/stm32cube/bundles/gnu-tools-for-stm32/13.3.1+st.9/bin/../lib/gcc/arm-none-eabi/13.3.1/../../../../arm-none-eabi/lib/thumb/v7e-m+fp/hard\libg_nano.a(libc_a-memcpy-stub.o)
                                 0x44 (size before relaxing)
 .comment       0x00000043        0x0 C:/Users/Akhat/AppData/Local/stm32cube/bundles/gnu-tools-for-stm32/13.3.1+st.9/bin/../lib/gcc/arm-none-eabi/13.3.1/../../../../arm-none-eabi/lib/thumb/v7e-m+fp/hard\libg_nano.a(libc_a-reallocr.o)
                                 0x44 (size before relaxing)
 .comment       0x00000043        0x0 C:/Users/Akhat/AppData/Local/stm32cube/bundles/gnu-tools-for-stm32/13.3.1+st.9/bin/../lib/gcc/arm-none-eabi/13.3.1/../../../../arm-none-eabi/lib/thumb/v7e-m+fp/hard\libg_nano.a(libc_a-msizer.o)
                                 0x44 (size before relaxing)

.debug_frame    0x00000000     0x4a94
 .debug_frame   0x00000000      0x144 C:/Users/Akhat/AppData/Local/stm32cube/bundles/gnu-tools-for-stm32/13.3.1+st.9/bin/../lib/gcc/arm-none-eabi/13.3.1/../../../../arm-none-eabi/lib/thumb/v7e-m+fp/hard\libc_nano.a(libc_a-findfp.o)
 .debug_frame   0x00000144       0x20 C:/Users/Akhat/AppData/Local/stm32cube/bundles/gnu-tools-for-stm32/13.3.1+st.9/bin/../lib/gcc/arm-none-eabi/13.3.1/../../../../arm-none-eabi/lib/thumb/v7e-m+fp/hard\libc_nano.a(libc_a-memset.o)
 .debug_frame   0x00000164       0x38 C:/Users/Akhat/AppData/Local/stm32cube/bundles/gnu-tools-for-stm32/13.3.1+st.9/bin/../lib/gcc/arm-none-eabi/13.3.1/../../../../arm-none-eabi/lib/thumb/v7e-m+fp/hard\libc_nano.a(libc_a-reent.o)
 .debug_frame   0x0000019c       0x2c C:/Users/Akhat/AppData/Local/stm32cube/bundles/gnu-tools-for-stm32/13.3.1+st.9/bin/../lib/gcc/arm-none-eabi/13.3.1/../../../../arm-none-eabi/lib/thumb/v7e-m+fp/hard\libc_nano.a(libc_a-init.o)
 .debug_frame   0x000001c8       0xb0 C:/Users/Akhat/AppData/Local/stm32cube/bundles/gnu-tools-for-stm32/13.3.1+st.9/bin/../lib/gcc/arm-none-eabi/13.3.1/../../../../arm-none-eabi/lib/thumb/v7e-m+fp/hard\libc_nano.a(libc_a-lock.o)
 .debug_frame   0x00000278       0x38 C:/Users/Akhat/AppData/Local/stm32cube/bundles/gnu-tools-for-stm32/13.3.1+st.9/bin/../lib/gcc/arm-none-eabi/13.3.1/../../../../arm-none-eabi/lib/thumb/v7e-m+fp/hard\libc_nano.a(libc_a-freer.o)
 .debug_frame   0x000002b0       0x50 C:/Users/Akhat/AppData/Local/stm32cube/bundles/gnu-tools-for-stm32/13.3.1+st.9/bin/../lib/gcc/arm-none-eabi/13.3.1/../../../../arm-none-eabi/lib/thumb/v7e-m+fp/hard\libc_nano.a(libc_a-mallocr.o)
 .debug_frame   0x00000300       0x30 C:/Users/Akhat/AppData/Local/stm32cube/bundles/gnu-tools-for-stm32/13.3.1+st.9/bin/../lib/gcc/arm-none-eabi/13.3.1/../../../../arm-none-eabi/lib/thumb/v7e-m+fp/hard\libc_nano.a(libc_a-mlock.o)
 .debug_frame   0x00000330       0x2c C:/Users/Akhat/AppData/Local/stm32cube/bundles/gnu-tools-for-stm32/13.3.1+st.9/bin/../lib/gcc/arm-none-eabi/13.3.1/../../../../arm-none-eabi/lib/thumb/v7e-m+fp/hard\libc_nano.a(libc_a-sbrkr.o)
 .debug_frame   0x0000035c       0x58 cmake/stm32cubemx/CMakeFiles/STM32_Drivers.dir/__/__/Core/Src/system_stm32f4xx.c.obj
 .debug_frame   0x000003b4      0x1f4 cmake/stm32cubemx/CMakeFiles/STM32_Drivers.dir/__/__/Drivers/STM32F4xx_HAL_Driver/Src/stm32f4xx_hal_rcc.c.obj
 .debug_frame   0x000005a8      0x13c cmake/stm32cubemx/CMakeFiles/STM32_Drivers.dir/__/__/Drivers/STM32F4xx_HAL_Driver/Src/stm32f4xx_hal_rcc_ex.c.obj
 .debug_frame   0x000006e4      0x14c cmake/stm32cubemx/CMakeFiles/STM32_Drivers.dir/__/__/Drivers/STM32F4xx_HAL_Driver/Src/stm32f4xx_hal_gpio.c.obj
 .debug_frame   0x00000830      0x508 cmake/stm32cubemx/CMakeFiles/STM32_Drivers.dir/__/__/Drivers/STM32F4xx_HAL_Driver/Src/stm32f4xx_hal_cortex.c.obj
 .debug_frame   0x00000d38      0x3b4 cmake/stm32cubemx/CMakeFiles/STM32_Drivers.dir/__/__/Drivers/STM32F4xx_HAL_Driver/Src/stm32f4xx_hal.c.obj
 .debug_frame   0x000010ec      0xc84 cmake/stm32cubemx/CMakeFiles/STM32_Drivers.dir/__/__/Drivers/STM32F4xx_HAL_Driver/Src/stm32f4xx_hal_i2c.c.obj
 .debug_frame   0x00001d70       0x60 cmake/stm32cubemx/CMakeFiles/STM32_Drivers.dir/__/__/Drivers/STM32F4xx_HAL_Driver/Src/stm32f4xx_hal_i2c_ex.c.obj
 .debug_frame   0x00001dd0      0x3f4 cmake/stm32cubemx/CMakeFiles/STM32_Drivers.dir/__/__/Drivers/STM32F4xx_HAL_Driver/Src/stm32f4xx_hal_rtc.c.obj
 .debug_frame   0x000021c4      0x828 cmake/stm32cubemx/CMakeFiles/STM32_Drivers.dir/__/__/Drivers/STM32F4xx_HAL_Driver/Src/stm32f4xx_hal_spi.c.obj
 .debug_frame   0x000029ec      0x954 cmake/stm32cubemx/CMakeFiles/STM32_Drivers.dir/__/__/Drivers/STM32F4xx_HAL_Driver/Src/stm32f4xx_hal_uart.c.obj
 .debug_frame   0x00003340       0xec cmake/stm32cubemx/CMakeFiles/FatFs.dir/__/__/Middlewares/Third_Party/FatFs/src/diskio.c.obj
 .debug_frame   0x0000342c      0xa0c cmake/stm32cubemx/CMakeFiles/FatFs.dir/__/__/Middlewares/Third_Party/FatFs/src/ff.c.obj
 .debug_frame   0x00003e38       0xc8 cmake/stm32cubemx/CMakeFiles/FatFs.dir/__/__/Middlewares/Third_Party/FatFs/src/ff_gen_drv.c.obj
 .debug_frame   0x00003f00       0x58 cmake/stm32cubemx/CMakeFiles/FatFs.dir/__/__/Middlewares/Third_Party/FatFs/src/option/syscall.c.obj
 .debug_frame   0x00003f58       0x60 cmake/stm32cubemx/CMakeFiles/FatFs.dir/__/__/Middlewares/Third_Party/FatFs/src/option/ccsbcs.c.obj
 .debug_frame   0x00003fb8       0x4c CMakeFiles/BME280SensorLog.dir/FATFS/App/fatfs.c.obj
 .debug_frame   0x00004004      0x100 CMakeFiles/BME280SensorLog.dir/Core/Src/main.c.obj
 .debug_frame   0x00004104      0x104 CMakeFiles/BME280SensorLog.dir/Core/Src/stm32f4xx_it.c.obj
 .debug_frame   0x00004208      0x15c CMakeFiles/BME280SensorLog.dir/Core/Src/stm32f4xx_hal_msp.c.obj
 .debug_frame   0x00004364       0x34 CMakeFiles/BME280SensorLog.dir/Core/Src/sysmem.c.obj
 .debug_frame   0x00004398      0x148 CMakeFiles/BME280SensorLog.dir/Core/Src/BME280_STM32.c.obj
 .debug_frame   0x000044e0      0x1f4 CMakeFiles/BME280SensorLog.dir/Core/Src/log_sensor_data.c.obj
 .debug_frame   0x000046d4       0x30 C:/Users/Akhat/AppData/Local/stm32cube/bundles/gnu-tools-for-stm32/13.3.1+st.9/bin/../lib/gcc/arm-none-eabi/13.3.1/thumb/v7e-m+fp/hard\libgcc.a(_arm_muldf3.o)
 .debug_frame   0x00004704       0xac C:/Users/Akhat/AppData/Local/stm32cube/bundles/gnu-tools-for-stm32/13.3.1+st.9/bin/../lib/gcc/arm-none-eabi/13.3.1/thumb/v7e-m+fp/hard\libgcc.a(_arm_addsubdf3.o)
 .debug_frame   0x000047b0       0x24 C:/Users/Akhat/AppData/Local/stm32cube/bundles/gnu-tools-for-stm32/13.3.1+st.9/bin/../lib/gcc/arm-none-eabi/13.3.1/thumb/v7e-m+fp/hard\libgcc.a(_arm_fixunsdfsi.o)
 .debug_frame   0x000047d4       0x2c C:/Users/Akhat/AppData/Local/stm32cube/bundles/gnu-tools-for-stm32/13.3.1+st.9/bin/../lib/gcc/arm-none-eabi/13.3.1/thumb/v7e-m+fp/hard\libgcc.a(_aeabi_uldivmod.o)
 .debug_frame   0x00004800       0x34 C:/Users/Akhat/AppData/Local/stm32cube/bundles/gnu-tools-for-stm32/13.3.1+st.9/bin/../lib/gcc/arm-none-eabi/13.3.1/thumb/v7e-m+fp/hard\libgcc.a(_udivmoddi4.o)
 .debug_frame   0x00004834       0x30 C:/Users/Akhat/AppData/Local/stm32cube/bundles/gnu-tools-for-stm32/13.3.1+st.9/bin/../lib/gcc/arm-none-eabi/13.3.1/../../../../arm-none-eabi/lib/thumb/v7e-m+fp/hard\libg_nano.a(libc_a-malloc.o)
 .debug_frame   0x00004864       0x74 C:/Users/Akhat/AppData/Local/stm32cube/bundles/gnu-tools-for-stm32/13.3.1+st.9/bin/../lib/gcc/arm-none-eabi/13.3.1/../../../../arm-none-eabi/lib/thumb/v7e-m+fp/hard\libg_nano.a(libc_a-sprintf.o)
 .debug_frame   0x000048d8       0x20 C:/Users/Akhat/AppData/Local/stm32cube/bundles/gnu-tools-for-stm32/13.3.1+st.9/bin/../lib/gcc/arm-none-eabi/13.3.1/../../../../arm-none-eabi/lib/thumb/v7e-m+fp/hard\libg_nano.a(libc_a-errno.o)
 .debug_frame   0x000048f8       0x90 C:/Users/Akhat/AppData/Local/stm32cube/bundles/gnu-tools-for-stm32/13.3.1+st.9/bin/../lib/gcc/arm-none-eabi/13.3.1/../../../../arm-none-eabi/lib/thumb/v7e-m+fp/hard\libg_nano.a(libc_a-nano-svfprintf.o)
 .debug_frame   0x00004988       0x60 C:/Users/Akhat/AppData/Local/stm32cube/bundles/gnu-tools-for-stm32/13.3.1+st.9/bin/../lib/gcc/arm-none-eabi/13.3.1/../../../../arm-none-eabi/lib/thumb/v7e-m+fp/hard\libg_nano.a(libc_a-nano-vfprintf_i.o)
 .debug_frame   0x000049e8       0x28 C:/Users/Akhat/AppData/Local/stm32cube/bundles/gnu-tools-for-stm32/13.3.1+st.9/bin/../lib/gcc/arm-none-eabi/13.3.1/../../../../arm-none-eabi/lib/thumb/v7e-m+fp/hard\libg_nano.a(libc_a-memmove.o)
 .debug_frame   0x00004a10       0x28 C:/Users/Akhat/AppData/Local/stm32cube/bundles/gnu-tools-for-stm32/13.3.1+st.9/bin/../lib/gcc/arm-none-eabi/13.3.1/../../../../arm-none-eabi/lib/thumb/v7e-m+fp/hard\libg_nano.a(libc_a-memcpy-stub.o)
 .debug_frame   0x00004a38       0x3c C:/Users/Akhat/AppData/Local/stm32cube/bundles/gnu-tools-for-stm32/13.3.1+st.9/bin/../lib/gcc/arm-none-eabi/13.3.1/../../../../arm-none-eabi/lib/thumb/v7e-m+fp/hard\libg_nano.a(libc_a-reallocr.o)
 .debug_frame   0x00004a74       0x20 C:/Users/Akhat/AppData/Local/stm32cube/bundles/gnu-tools-for-stm32/13.3.1+st.9/bin/../lib/gcc/arm-none-eabi/13.3.1/../../../../arm-none-eabi/lib/thumb/v7e-m+fp/hard\libg_nano.a(libc_a-msizer.o)

.debug_info     0x00000000    0x174e1
 .debug_info    0x00000000      0x52e cmake/stm32cubemx/CMakeFiles/STM32_Drivers.dir/__/__/Core/Src/system_stm32f4xx.c.obj
 .debug_info    0x0000052e      0x8db cmake/stm32cubemx/CMakeFiles/STM32_Drivers.dir/__/__/Drivers/STM32F4xx_HAL_Driver/Src/stm32f4xx_hal_rcc.c.obj
 .debug_info    0x00000e09      0x64c cmake/stm32cubemx/CMakeFiles/STM32_Drivers.dir/__/__/Drivers/STM32F4xx_HAL_Driver/Src/stm32f4xx_hal_rcc_ex.c.obj
 .debug_info    0x00001455      0x6db cmake/stm32cubemx/CMakeFiles/STM32_Drivers.dir/__/__/Drivers/STM32F4xx_HAL_Driver/Src/stm32f4xx_hal_gpio.c.obj
 .debug_info    0x00001b30      0xdc2 cmake/stm32cubemx/CMakeFiles/STM32_Drivers.dir/__/__/Drivers/STM32F4xx_HAL_Driver/Src/stm32f4xx_hal_cortex.c.obj
 .debug_info    0x000028f2      0x9ba cmake/stm32cubemx/CMakeFiles/STM32_Drivers.dir/__/__/Drivers/STM32F4xx_HAL_Driver/Src/stm32f4xx_hal.c.obj
 .debug_info    0x000032ac     0x2421 cmake/stm32cubemx/CMakeFiles/STM32_Drivers.dir/__/__/Drivers/STM32F4xx_HAL_Driver/Src/stm32f4xx_hal_i2c.c.obj
 .debug_info    0x000056cd      0x672 cmake/stm32cubemx/CMakeFiles/STM32_Drivers.dir/__/__/Drivers/STM32F4xx_HAL_Driver/Src/stm32f4xx_hal_i2c_ex.c.obj
 .debug_info    0x00005d3f      0xc20 cmake/stm32cubemx/CMakeFiles/STM32_Drivers.dir/__/__/Drivers/STM32F4xx_HAL_Driver/Src/stm32f4xx_hal_rtc.c.obj
 .debug_info    0x0000695f     0x1525 cmake/stm32cubemx/CMakeFiles/STM32_Drivers.dir/__/__/Drivers/STM32F4xx_HAL_Driver/Src/stm32f4xx_hal_spi.c.obj
 .debug_info    0x00007e84     0x2f4f cmake/stm32cubemx/CMakeFiles/STM32_Drivers.dir/__/__/Drivers/STM32F4xx_HAL_Driver/Src/stm32f4xx_hal_uart.c.obj
 .debug_info    0x0000add3      0x3df cmake/stm32cubemx/CMakeFiles/FatFs.dir/__/__/Middlewares/Third_Party/FatFs/src/diskio.c.obj
 .debug_info    0x0000b1b2     0x265f cmake/stm32cubemx/CMakeFiles/FatFs.dir/__/__/Middlewares/Third_Party/FatFs/src/ff.c.obj
 .debug_info    0x0000d811      0x37f cmake/stm32cubemx/CMakeFiles/FatFs.dir/__/__/Middlewares/Third_Party/FatFs/src/ff_gen_drv.c.obj
 .debug_info    0x0000db90      0x10b cmake/stm32cubemx/CMakeFiles/FatFs.dir/__/__/Middlewares/Third_Party/FatFs/src/option/syscall.c.obj
 .debug_info    0x0000dc9b      0x1b9 cmake/stm32cubemx/CMakeFiles/FatFs.dir/__/__/Middlewares/Third_Party/FatFs/src/option/ccsbcs.c.obj
 .debug_info    0x0000de54      0x508 CMakeFiles/BME280SensorLog.dir/FATFS/App/fatfs.c.obj
 .debug_info    0x0000e35c     0x186c CMakeFiles/BME280SensorLog.dir/Core/Src/main.c.obj
 .debug_info    0x0000fbc8      0x112 CMakeFiles/BME280SensorLog.dir/Core/Src/stm32f4xx_it.c.obj
 .debug_info    0x0000fcda     0x1474 CMakeFiles/BME280SensorLog.dir/Core/Src/stm32f4xx_hal_msp.c.obj
 .debug_info    0x0001114e      0x168 CMakeFiles/BME280SensorLog.dir/Core/Src/sysmem.c.obj
 .debug_info    0x000112b6       0x30 CMakeFiles/BME280SensorLog.dir/startup_stm32f429xx.s.obj
 .debug_info    0x000112e6      0xaa1 CMakeFiles/BME280SensorLog.dir/Core/Src/BME280_STM32.c.obj
 .debug_info    0x00011d87      0xeaa CMakeFiles/BME280SensorLog.dir/Core/Src/log_sensor_data.c.obj
 .debug_info    0x00012c31      0x7a0 C:/Users/Akhat/AppData/Local/stm32cube/bundles/gnu-tools-for-stm32/13.3.1+st.9/bin/../lib/gcc/arm-none-eabi/13.3.1/../../../../arm-none-eabi/lib/thumb/v7e-m+fp/hard\libg_nano.a(libc_a-malloc.o)
 .debug_info    0x000133d1      0x885 C:/Users/Akhat/AppData/Local/stm32cube/bundles/gnu-tools-for-stm32/13.3.1+st.9/bin/../lib/gcc/arm-none-eabi/13.3.1/../../../../arm-none-eabi/lib/thumb/v7e-m+fp/hard\libg_nano.a(libc_a-sprintf.o)
 .debug_info    0x00013c56      0x6fb C:/Users/Akhat/AppData/Local/stm32cube/bundles/gnu-tools-for-stm32/13.3.1+st.9/bin/../lib/gcc/arm-none-eabi/13.3.1/../../../../arm-none-eabi/lib/thumb/v7e-m+fp/hard\libg_nano.a(libc_a-errno.o)
 .debug_info    0x00014351       0x31 C:/Users/Akhat/AppData/Local/stm32cube/bundles/gnu-tools-for-stm32/13.3.1+st.9/bin/../lib/gcc/arm-none-eabi/13.3.1/../../../../arm-none-eabi/lib/thumb/v7e-m+fp/hard\libg_nano.a(libc_a-strlen.o)
 .debug_info    0x00014382     0x10c7 C:/Users/Akhat/AppData/Local/stm32cube/bundles/gnu-tools-for-stm32/13.3.1+st.9/bin/../lib/gcc/arm-none-eabi/13.3.1/../../../../arm-none-eabi/lib/thumb/v7e-m+fp/hard\libg_nano.a(libc_a-nano-svfprintf.o)
 .debug_info    0x00015449      0xde2 C:/Users/Akhat/AppData/Local/stm32cube/bundles/gnu-tools-for-stm32/13.3.1+st.9/bin/../lib/gcc/arm-none-eabi/13.3.1/../../../../arm-none-eabi/lib/thumb/v7e-m+fp/hard\libg_nano.a(libc_a-nano-vfprintf_i.o)
 .debug_info    0x0001622b      0x10f C:/Users/Akhat/AppData/Local/stm32cube/bundles/gnu-tools-for-stm32/13.3.1+st.9/bin/../lib/gcc/arm-none-eabi/13.3.1/../../../../arm-none-eabi/lib/thumb/v7e-m+fp/hard\libg_nano.a(libc_a-memmove.o)
 .debug_info    0x0001633a       0x25 C:/Users/Akhat/AppData/Local/stm32cube/bundles/gnu-tools-for-stm32/13.3.1+st.9/bin/../lib/gcc/arm-none-eabi/13.3.1/../../../../arm-none-eabi/lib/thumb/v7e-m+fp/hard\libg_nano.a(libc_a-memchr.o)
 .debug_info    0x0001635f      0x121 C:/Users/Akhat/AppData/Local/stm32cube/bundles/gnu-tools-for-stm32/13.3.1+st.9/bin/../lib/gcc/arm-none-eabi/13.3.1/../../../../arm-none-eabi/lib/thumb/v7e-m+fp/hard\libg_nano.a(libc_a-memcpy-stub.o)
 .debug_info    0x00016480      0x8cd C:/Users/Akhat/AppData/Local/stm32cube/bundles/gnu-tools-for-stm32/13.3.1+st.9/bin/../lib/gcc/arm-none-eabi/13.3.1/../../../../arm-none-eabi/lib/thumb/v7e-m+fp/hard\libg_nano.a(libc_a-reallocr.o)